Copyright 1986-2022 Xilinx, Inc. All Rights Reserved. Copyright 2022-2025 Advanced Micro Devices, Inc. All Rights Reserved.
---------------------------------------------------------------------------------------------------------------------------------------------------------
| Tool Version : Vivado v.2025.2 (win64) Build 6299465 Fri Nov 14 19:35:11 GMT 2025
| Date         : Mon Feb  2 16:42:56 2026
| Host         : work-dev running 64-bit major release  (build 9200)
| Command      : report_bus_skew -warn_on_violation -file cyan_top_bus_skew_routed.rpt -pb cyan_top_bus_skew_routed.pb -rpx cyan_top_bus_skew_routed.rpx
| Design       : cyan_top
| Device       : 7a35t-fgg484
| Speed File   : -1  PRODUCTION 1.23 2018-06-13
| Design State : Routed
---------------------------------------------------------------------------------------------------------------------------------------------------------

Bus Skew Report

Table of Contents
-----------------
1. Bus Skew Report Summary
2. Bus Skew Report Per Constraint

1. Bus Skew Report Summary
--------------------------

Id  Position  From                            To                              Corner  Requirement(ns)  Actual(ns)  Slack(ns)
--  --------  ------------------------------  ------------------------------  ------  ---------------  ----------  ---------
1   64        [get_cells [list {inst_mipi_csi2_tx/inst_mipi_csi2_tx/inst_mipi_csi2_tx_subsyst/inst/mipi_csi2_tx_ctrl_0/inst/clock_cross_fifo/gnuram_async_fifo.xpm_fifo_base_inst/gen_cdc_pntr.rd_pntr_cdc_inst/src_gray_ff_reg[0]} \
          {inst_mipi_csi2_tx/inst_mipi_csi2_tx/inst_mipi_csi2_tx_subsyst/inst/mipi_csi2_tx_ctrl_0/inst/clock_cross_fifo/gnuram_async_fifo.xpm_fifo_base_inst/gen_cdc_pntr.rd_pntr_cdc_inst/src_gray_ff_reg[10]} \
          {inst_mipi_csi2_tx/inst_mipi_csi2_tx/inst_mipi_csi2_tx_subsyst/inst/mipi_csi2_tx_ctrl_0/inst/clock_cross_fifo/gnuram_async_fifo.xpm_fifo_base_inst/gen_cdc_pntr.rd_pntr_cdc_inst/src_gray_ff_reg[11]} \
          {inst_mipi_csi2_tx/inst_mipi_csi2_tx/inst_mipi_csi2_tx_subsyst/inst/mipi_csi2_tx_ctrl_0/inst/clock_cross_fifo/gnuram_async_fifo.xpm_fifo_base_inst/gen_cdc_pntr.rd_pntr_cdc_inst/src_gray_ff_reg[12]} \
          {inst_mipi_csi2_tx/inst_mipi_csi2_tx/inst_mipi_csi2_tx_subsyst/inst/mipi_csi2_tx_ctrl_0/inst/clock_cross_fifo/gnuram_async_fifo.xpm_fifo_base_inst/gen_cdc_pntr.rd_pntr_cdc_inst/src_gray_ff_reg[1]} \
          {inst_mipi_csi2_tx/inst_mipi_csi2_tx/inst_mipi_csi2_tx_subsyst/inst/mipi_csi2_tx_ctrl_0/inst/clock_cross_fifo/gnuram_async_fifo.xpm_fifo_base_inst/gen_cdc_pntr.rd_pntr_cdc_inst/src_gray_ff_reg[2]} \
          {inst_mipi_csi2_tx/inst_mipi_csi2_tx/inst_mipi_csi2_tx_subsyst/inst/mipi_csi2_tx_ctrl_0/inst/clock_cross_fifo/gnuram_async_fifo.xpm_fifo_base_inst/gen_cdc_pntr.rd_pntr_cdc_inst/src_gray_ff_reg[3]} \
          {inst_mipi_csi2_tx/inst_mipi_csi2_tx/inst_mipi_csi2_tx_subsyst/inst/mipi_csi2_tx_ctrl_0/inst/clock_cross_fifo/gnuram_async_fifo.xpm_fifo_base_inst/gen_cdc_pntr.rd_pntr_cdc_inst/src_gray_ff_reg[4]} \
          {inst_mipi_csi2_tx/inst_mipi_csi2_tx/inst_mipi_csi2_tx_subsyst/inst/mipi_csi2_tx_ctrl_0/inst/clock_cross_fifo/gnuram_async_fifo.xpm_fifo_base_inst/gen_cdc_pntr.rd_pntr_cdc_inst/src_gray_ff_reg[5]} \
          {inst_mipi_csi2_tx/inst_mipi_csi2_tx/inst_mipi_csi2_tx_subsyst/inst/mipi_csi2_tx_ctrl_0/inst/clock_cross_fifo/gnuram_async_fifo.xpm_fifo_base_inst/gen_cdc_pntr.rd_pntr_cdc_inst/src_gray_ff_reg[6]} \
          {inst_mipi_csi2_tx/inst_mipi_csi2_tx/inst_mipi_csi2_tx_subsyst/inst/mipi_csi2_tx_ctrl_0/inst/clock_cross_fifo/gnuram_async_fifo.xpm_fifo_base_inst/gen_cdc_pntr.rd_pntr_cdc_inst/src_gray_ff_reg[7]} \
          {inst_mipi_csi2_tx/inst_mipi_csi2_tx/inst_mipi_csi2_tx_subsyst/inst/mipi_csi2_tx_ctrl_0/inst/clock_cross_fifo/gnuram_async_fifo.xpm_fifo_base_inst/gen_cdc_pntr.rd_pntr_cdc_inst/src_gray_ff_reg[8]} \
          {inst_mipi_csi2_tx/inst_mipi_csi2_tx/inst_mipi_csi2_tx_subsyst/inst/mipi_csi2_tx_ctrl_0/inst/clock_cross_fifo/gnuram_async_fifo.xpm_fifo_base_inst/gen_cdc_pntr.rd_pntr_cdc_inst/src_gray_ff_reg[9]}]]
                                              [get_cells [list {inst_mipi_csi2_tx/inst_mipi_csi2_tx/inst_mipi_csi2_tx_subsyst/inst/mipi_csi2_tx_ctrl_0/inst/clock_cross_fifo/gnuram_async_fifo.xpm_fifo_base_inst/gen_cdc_pntr.rd_pntr_cdc_inst/dest_graysync_ff_reg[0][0]} \
          {inst_mipi_csi2_tx/inst_mipi_csi2_tx/inst_mipi_csi2_tx_subsyst/inst/mipi_csi2_tx_ctrl_0/inst/clock_cross_fifo/gnuram_async_fifo.xpm_fifo_base_inst/gen_cdc_pntr.rd_pntr_cdc_inst/dest_graysync_ff_reg[0][10]} \
          {inst_mipi_csi2_tx/inst_mipi_csi2_tx/inst_mipi_csi2_tx_subsyst/inst/mipi_csi2_tx_ctrl_0/inst/clock_cross_fifo/gnuram_async_fifo.xpm_fifo_base_inst/gen_cdc_pntr.rd_pntr_cdc_inst/dest_graysync_ff_reg[0][11]} \
          {inst_mipi_csi2_tx/inst_mipi_csi2_tx/inst_mipi_csi2_tx_subsyst/inst/mipi_csi2_tx_ctrl_0/inst/clock_cross_fifo/gnuram_async_fifo.xpm_fifo_base_inst/gen_cdc_pntr.rd_pntr_cdc_inst/dest_graysync_ff_reg[0][12]} \
          {inst_mipi_csi2_tx/inst_mipi_csi2_tx/inst_mipi_csi2_tx_subsyst/inst/mipi_csi2_tx_ctrl_0/inst/clock_cross_fifo/gnuram_async_fifo.xpm_fifo_base_inst/gen_cdc_pntr.rd_pntr_cdc_inst/dest_graysync_ff_reg[0][1]} \
          {inst_mipi_csi2_tx/inst_mipi_csi2_tx/inst_mipi_csi2_tx_subsyst/inst/mipi_csi2_tx_ctrl_0/inst/clock_cross_fifo/gnuram_async_fifo.xpm_fifo_base_inst/gen_cdc_pntr.rd_pntr_cdc_inst/dest_graysync_ff_reg[0][2]} \
          {inst_mipi_csi2_tx/inst_mipi_csi2_tx/inst_mipi_csi2_tx_subsyst/inst/mipi_csi2_tx_ctrl_0/inst/clock_cross_fifo/gnuram_async_fifo.xpm_fifo_base_inst/gen_cdc_pntr.rd_pntr_cdc_inst/dest_graysync_ff_reg[0][3]} \
          {inst_mipi_csi2_tx/inst_mipi_csi2_tx/inst_mipi_csi2_tx_subsyst/inst/mipi_csi2_tx_ctrl_0/inst/clock_cross_fifo/gnuram_async_fifo.xpm_fifo_base_inst/gen_cdc_pntr.rd_pntr_cdc_inst/dest_graysync_ff_reg[0][4]} \
          {inst_mipi_csi2_tx/inst_mipi_csi2_tx/inst_mipi_csi2_tx_subsyst/inst/mipi_csi2_tx_ctrl_0/inst/clock_cross_fifo/gnuram_async_fifo.xpm_fifo_base_inst/gen_cdc_pntr.rd_pntr_cdc_inst/dest_graysync_ff_reg[0][5]} \
          {inst_mipi_csi2_tx/inst_mipi_csi2_tx/inst_mipi_csi2_tx_subsyst/inst/mipi_csi2_tx_ctrl_0/inst/clock_cross_fifo/gnuram_async_fifo.xpm_fifo_base_inst/gen_cdc_pntr.rd_pntr_cdc_inst/dest_graysync_ff_reg[0][6]} \
          {inst_mipi_csi2_tx/inst_mipi_csi2_tx/inst_mipi_csi2_tx_subsyst/inst/mipi_csi2_tx_ctrl_0/inst/clock_cross_fifo/gnuram_async_fifo.xpm_fifo_base_inst/gen_cdc_pntr.rd_pntr_cdc_inst/dest_graysync_ff_reg[0][7]} \
          {inst_mipi_csi2_tx/inst_mipi_csi2_tx/inst_mipi_csi2_tx_subsyst/inst/mipi_csi2_tx_ctrl_0/inst/clock_cross_fifo/gnuram_async_fifo.xpm_fifo_base_inst/gen_cdc_pntr.rd_pntr_cdc_inst/dest_graysync_ff_reg[0][8]} \
          {inst_mipi_csi2_tx/inst_mipi_csi2_tx/inst_mipi_csi2_tx_subsyst/inst/mipi_csi2_tx_ctrl_0/inst/clock_cross_fifo/gnuram_async_fifo.xpm_fifo_base_inst/gen_cdc_pntr.rd_pntr_cdc_inst/dest_graysync_ff_reg[0][9]}]]
                                                                              Slow             10.000       1.115      8.885
2   66        [get_cells [list {inst_mipi_csi2_tx/inst_mipi_csi2_tx/inst_mipi_csi2_tx_subsyst/inst/mipi_csi2_tx_ctrl_0/inst/clock_cross_fifo/gnuram_async_fifo.xpm_fifo_base_inst/gen_cdc_pntr.wr_pntr_cdc_inst/src_gray_ff_reg[0]} \
          {inst_mipi_csi2_tx/inst_mipi_csi2_tx/inst_mipi_csi2_tx_subsyst/inst/mipi_csi2_tx_ctrl_0/inst/clock_cross_fifo/gnuram_async_fifo.xpm_fifo_base_inst/gen_cdc_pntr.wr_pntr_cdc_inst/src_gray_ff_reg[10]} \
          {inst_mipi_csi2_tx/inst_mipi_csi2_tx/inst_mipi_csi2_tx_subsyst/inst/mipi_csi2_tx_ctrl_0/inst/clock_cross_fifo/gnuram_async_fifo.xpm_fifo_base_inst/gen_cdc_pntr.wr_pntr_cdc_inst/src_gray_ff_reg[11]} \
          {inst_mipi_csi2_tx/inst_mipi_csi2_tx/inst_mipi_csi2_tx_subsyst/inst/mipi_csi2_tx_ctrl_0/inst/clock_cross_fifo/gnuram_async_fifo.xpm_fifo_base_inst/gen_cdc_pntr.wr_pntr_cdc_inst/src_gray_ff_reg[12]} \
          {inst_mipi_csi2_tx/inst_mipi_csi2_tx/inst_mipi_csi2_tx_subsyst/inst/mipi_csi2_tx_ctrl_0/inst/clock_cross_fifo/gnuram_async_fifo.xpm_fifo_base_inst/gen_cdc_pntr.wr_pntr_cdc_inst/src_gray_ff_reg[1]} \
          {inst_mipi_csi2_tx/inst_mipi_csi2_tx/inst_mipi_csi2_tx_subsyst/inst/mipi_csi2_tx_ctrl_0/inst/clock_cross_fifo/gnuram_async_fifo.xpm_fifo_base_inst/gen_cdc_pntr.wr_pntr_cdc_inst/src_gray_ff_reg[2]} \
          {inst_mipi_csi2_tx/inst_mipi_csi2_tx/inst_mipi_csi2_tx_subsyst/inst/mipi_csi2_tx_ctrl_0/inst/clock_cross_fifo/gnuram_async_fifo.xpm_fifo_base_inst/gen_cdc_pntr.wr_pntr_cdc_inst/src_gray_ff_reg[3]} \
          {inst_mipi_csi2_tx/inst_mipi_csi2_tx/inst_mipi_csi2_tx_subsyst/inst/mipi_csi2_tx_ctrl_0/inst/clock_cross_fifo/gnuram_async_fifo.xpm_fifo_base_inst/gen_cdc_pntr.wr_pntr_cdc_inst/src_gray_ff_reg[4]} \
          {inst_mipi_csi2_tx/inst_mipi_csi2_tx/inst_mipi_csi2_tx_subsyst/inst/mipi_csi2_tx_ctrl_0/inst/clock_cross_fifo/gnuram_async_fifo.xpm_fifo_base_inst/gen_cdc_pntr.wr_pntr_cdc_inst/src_gray_ff_reg[5]} \
          {inst_mipi_csi2_tx/inst_mipi_csi2_tx/inst_mipi_csi2_tx_subsyst/inst/mipi_csi2_tx_ctrl_0/inst/clock_cross_fifo/gnuram_async_fifo.xpm_fifo_base_inst/gen_cdc_pntr.wr_pntr_cdc_inst/src_gray_ff_reg[6]} \
          {inst_mipi_csi2_tx/inst_mipi_csi2_tx/inst_mipi_csi2_tx_subsyst/inst/mipi_csi2_tx_ctrl_0/inst/clock_cross_fifo/gnuram_async_fifo.xpm_fifo_base_inst/gen_cdc_pntr.wr_pntr_cdc_inst/src_gray_ff_reg[7]} \
          {inst_mipi_csi2_tx/inst_mipi_csi2_tx/inst_mipi_csi2_tx_subsyst/inst/mipi_csi2_tx_ctrl_0/inst/clock_cross_fifo/gnuram_async_fifo.xpm_fifo_base_inst/gen_cdc_pntr.wr_pntr_cdc_inst/src_gray_ff_reg[8]} \
          {inst_mipi_csi2_tx/inst_mipi_csi2_tx/inst_mipi_csi2_tx_subsyst/inst/mipi_csi2_tx_ctrl_0/inst/clock_cross_fifo/gnuram_async_fifo.xpm_fifo_base_inst/gen_cdc_pntr.wr_pntr_cdc_inst/src_gray_ff_reg[9]}]]
                                              [get_cells [list {inst_mipi_csi2_tx/inst_mipi_csi2_tx/inst_mipi_csi2_tx_subsyst/inst/mipi_csi2_tx_ctrl_0/inst/clock_cross_fifo/gnuram_async_fifo.xpm_fifo_base_inst/gen_cdc_pntr.wr_pntr_cdc_inst/dest_graysync_ff_reg[0][0]} \
          {inst_mipi_csi2_tx/inst_mipi_csi2_tx/inst_mipi_csi2_tx_subsyst/inst/mipi_csi2_tx_ctrl_0/inst/clock_cross_fifo/gnuram_async_fifo.xpm_fifo_base_inst/gen_cdc_pntr.wr_pntr_cdc_inst/dest_graysync_ff_reg[0][10]} \
          {inst_mipi_csi2_tx/inst_mipi_csi2_tx/inst_mipi_csi2_tx_subsyst/inst/mipi_csi2_tx_ctrl_0/inst/clock_cross_fifo/gnuram_async_fifo.xpm_fifo_base_inst/gen_cdc_pntr.wr_pntr_cdc_inst/dest_graysync_ff_reg[0][11]} \
          {inst_mipi_csi2_tx/inst_mipi_csi2_tx/inst_mipi_csi2_tx_subsyst/inst/mipi_csi2_tx_ctrl_0/inst/clock_cross_fifo/gnuram_async_fifo.xpm_fifo_base_inst/gen_cdc_pntr.wr_pntr_cdc_inst/dest_graysync_ff_reg[0][12]} \
          {inst_mipi_csi2_tx/inst_mipi_csi2_tx/inst_mipi_csi2_tx_subsyst/inst/mipi_csi2_tx_ctrl_0/inst/clock_cross_fifo/gnuram_async_fifo.xpm_fifo_base_inst/gen_cdc_pntr.wr_pntr_cdc_inst/dest_graysync_ff_reg[0][1]} \
          {inst_mipi_csi2_tx/inst_mipi_csi2_tx/inst_mipi_csi2_tx_subsyst/inst/mipi_csi2_tx_ctrl_0/inst/clock_cross_fifo/gnuram_async_fifo.xpm_fifo_base_inst/gen_cdc_pntr.wr_pntr_cdc_inst/dest_graysync_ff_reg[0][2]} \
          {inst_mipi_csi2_tx/inst_mipi_csi2_tx/inst_mipi_csi2_tx_subsyst/inst/mipi_csi2_tx_ctrl_0/inst/clock_cross_fifo/gnuram_async_fifo.xpm_fifo_base_inst/gen_cdc_pntr.wr_pntr_cdc_inst/dest_graysync_ff_reg[0][3]} \
          {inst_mipi_csi2_tx/inst_mipi_csi2_tx/inst_mipi_csi2_tx_subsyst/inst/mipi_csi2_tx_ctrl_0/inst/clock_cross_fifo/gnuram_async_fifo.xpm_fifo_base_inst/gen_cdc_pntr.wr_pntr_cdc_inst/dest_graysync_ff_reg[0][4]} \
          {inst_mipi_csi2_tx/inst_mipi_csi2_tx/inst_mipi_csi2_tx_subsyst/inst/mipi_csi2_tx_ctrl_0/inst/clock_cross_fifo/gnuram_async_fifo.xpm_fifo_base_inst/gen_cdc_pntr.wr_pntr_cdc_inst/dest_graysync_ff_reg[0][5]} \
          {inst_mipi_csi2_tx/inst_mipi_csi2_tx/inst_mipi_csi2_tx_subsyst/inst/mipi_csi2_tx_ctrl_0/inst/clock_cross_fifo/gnuram_async_fifo.xpm_fifo_base_inst/gen_cdc_pntr.wr_pntr_cdc_inst/dest_graysync_ff_reg[0][6]} \
          {inst_mipi_csi2_tx/inst_mipi_csi2_tx/inst_mipi_csi2_tx_subsyst/inst/mipi_csi2_tx_ctrl_0/inst/clock_cross_fifo/gnuram_async_fifo.xpm_fifo_base_inst/gen_cdc_pntr.wr_pntr_cdc_inst/dest_graysync_ff_reg[0][7]} \
          {inst_mipi_csi2_tx/inst_mipi_csi2_tx/inst_mipi_csi2_tx_subsyst/inst/mipi_csi2_tx_ctrl_0/inst/clock_cross_fifo/gnuram_async_fifo.xpm_fifo_base_inst/gen_cdc_pntr.wr_pntr_cdc_inst/dest_graysync_ff_reg[0][8]} \
          {inst_mipi_csi2_tx/inst_mipi_csi2_tx/inst_mipi_csi2_tx_subsyst/inst/mipi_csi2_tx_ctrl_0/inst/clock_cross_fifo/gnuram_async_fifo.xpm_fifo_base_inst/gen_cdc_pntr.wr_pntr_cdc_inst/dest_graysync_ff_reg[0][9]}]]
                                                                              Slow             10.000       1.063      8.937
3   70        [get_cells [list {inst_mipi_csi2_tx/inst_mipi_csi2_tx/inst_mipi_csi2_tx_subsyst/inst/mipi_csi2_tx_ctrl_0/inst/clock_cross_fifo/gnuram_async_fifo.xpm_fifo_base_inst/gen_cdc_pntr.wr_pntr_cdc_dc_inst/src_gray_ff_reg[0]} \
          {inst_mipi_csi2_tx/inst_mipi_csi2_tx/inst_mipi_csi2_tx_subsyst/inst/mipi_csi2_tx_ctrl_0/inst/clock_cross_fifo/gnuram_async_fifo.xpm_fifo_base_inst/gen_cdc_pntr.wr_pntr_cdc_dc_inst/src_gray_ff_reg[10]} \
          {inst_mipi_csi2_tx/inst_mipi_csi2_tx/inst_mipi_csi2_tx_subsyst/inst/mipi_csi2_tx_ctrl_0/inst/clock_cross_fifo/gnuram_async_fifo.xpm_fifo_base_inst/gen_cdc_pntr.wr_pntr_cdc_dc_inst/src_gray_ff_reg[11]} \
          {inst_mipi_csi2_tx/inst_mipi_csi2_tx/inst_mipi_csi2_tx_subsyst/inst/mipi_csi2_tx_ctrl_0/inst/clock_cross_fifo/gnuram_async_fifo.xpm_fifo_base_inst/gen_cdc_pntr.wr_pntr_cdc_dc_inst/src_gray_ff_reg[12]} \
          {inst_mipi_csi2_tx/inst_mipi_csi2_tx/inst_mipi_csi2_tx_subsyst/inst/mipi_csi2_tx_ctrl_0/inst/clock_cross_fifo/gnuram_async_fifo.xpm_fifo_base_inst/gen_cdc_pntr.wr_pntr_cdc_dc_inst/src_gray_ff_reg[13]} \
          {inst_mipi_csi2_tx/inst_mipi_csi2_tx/inst_mipi_csi2_tx_subsyst/inst/mipi_csi2_tx_ctrl_0/inst/clock_cross_fifo/gnuram_async_fifo.xpm_fifo_base_inst/gen_cdc_pntr.wr_pntr_cdc_dc_inst/src_gray_ff_reg[1]} \
          {inst_mipi_csi2_tx/inst_mipi_csi2_tx/inst_mipi_csi2_tx_subsyst/inst/mipi_csi2_tx_ctrl_0/inst/clock_cross_fifo/gnuram_async_fifo.xpm_fifo_base_inst/gen_cdc_pntr.wr_pntr_cdc_dc_inst/src_gray_ff_reg[2]} \
          {inst_mipi_csi2_tx/inst_mipi_csi2_tx/inst_mipi_csi2_tx_subsyst/inst/mipi_csi2_tx_ctrl_0/inst/clock_cross_fifo/gnuram_async_fifo.xpm_fifo_base_inst/gen_cdc_pntr.wr_pntr_cdc_dc_inst/src_gray_ff_reg[3]} \
          {inst_mipi_csi2_tx/inst_mipi_csi2_tx/inst_mipi_csi2_tx_subsyst/inst/mipi_csi2_tx_ctrl_0/inst/clock_cross_fifo/gnuram_async_fifo.xpm_fifo_base_inst/gen_cdc_pntr.wr_pntr_cdc_dc_inst/src_gray_ff_reg[4]} \
          {inst_mipi_csi2_tx/inst_mipi_csi2_tx/inst_mipi_csi2_tx_subsyst/inst/mipi_csi2_tx_ctrl_0/inst/clock_cross_fifo/gnuram_async_fifo.xpm_fifo_base_inst/gen_cdc_pntr.wr_pntr_cdc_dc_inst/src_gray_ff_reg[5]} \
          {inst_mipi_csi2_tx/inst_mipi_csi2_tx/inst_mipi_csi2_tx_subsyst/inst/mipi_csi2_tx_ctrl_0/inst/clock_cross_fifo/gnuram_async_fifo.xpm_fifo_base_inst/gen_cdc_pntr.wr_pntr_cdc_dc_inst/src_gray_ff_reg[6]} \
          {inst_mipi_csi2_tx/inst_mipi_csi2_tx/inst_mipi_csi2_tx_subsyst/inst/mipi_csi2_tx_ctrl_0/inst/clock_cross_fifo/gnuram_async_fifo.xpm_fifo_base_inst/gen_cdc_pntr.wr_pntr_cdc_dc_inst/src_gray_ff_reg[7]} \
          {inst_mipi_csi2_tx/inst_mipi_csi2_tx/inst_mipi_csi2_tx_subsyst/inst/mipi_csi2_tx_ctrl_0/inst/clock_cross_fifo/gnuram_async_fifo.xpm_fifo_base_inst/gen_cdc_pntr.wr_pntr_cdc_dc_inst/src_gray_ff_reg[8]} \
          {inst_mipi_csi2_tx/inst_mipi_csi2_tx/inst_mipi_csi2_tx_subsyst/inst/mipi_csi2_tx_ctrl_0/inst/clock_cross_fifo/gnuram_async_fifo.xpm_fifo_base_inst/gen_cdc_pntr.wr_pntr_cdc_dc_inst/src_gray_ff_reg[9]}]]
                                              [get_cells [list {inst_mipi_csi2_tx/inst_mipi_csi2_tx/inst_mipi_csi2_tx_subsyst/inst/mipi_csi2_tx_ctrl_0/inst/clock_cross_fifo/gnuram_async_fifo.xpm_fifo_base_inst/gen_cdc_pntr.wr_pntr_cdc_dc_inst/dest_graysync_ff_reg[0][0]} \
          {inst_mipi_csi2_tx/inst_mipi_csi2_tx/inst_mipi_csi2_tx_subsyst/inst/mipi_csi2_tx_ctrl_0/inst/clock_cross_fifo/gnuram_async_fifo.xpm_fifo_base_inst/gen_cdc_pntr.wr_pntr_cdc_dc_inst/dest_graysync_ff_reg[0][10]} \
          {inst_mipi_csi2_tx/inst_mipi_csi2_tx/inst_mipi_csi2_tx_subsyst/inst/mipi_csi2_tx_ctrl_0/inst/clock_cross_fifo/gnuram_async_fifo.xpm_fifo_base_inst/gen_cdc_pntr.wr_pntr_cdc_dc_inst/dest_graysync_ff_reg[0][11]} \
          {inst_mipi_csi2_tx/inst_mipi_csi2_tx/inst_mipi_csi2_tx_subsyst/inst/mipi_csi2_tx_ctrl_0/inst/clock_cross_fifo/gnuram_async_fifo.xpm_fifo_base_inst/gen_cdc_pntr.wr_pntr_cdc_dc_inst/dest_graysync_ff_reg[0][12]} \
          {inst_mipi_csi2_tx/inst_mipi_csi2_tx/inst_mipi_csi2_tx_subsyst/inst/mipi_csi2_tx_ctrl_0/inst/clock_cross_fifo/gnuram_async_fifo.xpm_fifo_base_inst/gen_cdc_pntr.wr_pntr_cdc_dc_inst/dest_graysync_ff_reg[0][13]} \
          {inst_mipi_csi2_tx/inst_mipi_csi2_tx/inst_mipi_csi2_tx_subsyst/inst/mipi_csi2_tx_ctrl_0/inst/clock_cross_fifo/gnuram_async_fifo.xpm_fifo_base_inst/gen_cdc_pntr.wr_pntr_cdc_dc_inst/dest_graysync_ff_reg[0][1]} \
          {inst_mipi_csi2_tx/inst_mipi_csi2_tx/inst_mipi_csi2_tx_subsyst/inst/mipi_csi2_tx_ctrl_0/inst/clock_cross_fifo/gnuram_async_fifo.xpm_fifo_base_inst/gen_cdc_pntr.wr_pntr_cdc_dc_inst/dest_graysync_ff_reg[0][2]} \
          {inst_mipi_csi2_tx/inst_mipi_csi2_tx/inst_mipi_csi2_tx_subsyst/inst/mipi_csi2_tx_ctrl_0/inst/clock_cross_fifo/gnuram_async_fifo.xpm_fifo_base_inst/gen_cdc_pntr.wr_pntr_cdc_dc_inst/dest_graysync_ff_reg[0][3]} \
          {inst_mipi_csi2_tx/inst_mipi_csi2_tx/inst_mipi_csi2_tx_subsyst/inst/mipi_csi2_tx_ctrl_0/inst/clock_cross_fifo/gnuram_async_fifo.xpm_fifo_base_inst/gen_cdc_pntr.wr_pntr_cdc_dc_inst/dest_graysync_ff_reg[0][4]} \
          {inst_mipi_csi2_tx/inst_mipi_csi2_tx/inst_mipi_csi2_tx_subsyst/inst/mipi_csi2_tx_ctrl_0/inst/clock_cross_fifo/gnuram_async_fifo.xpm_fifo_base_inst/gen_cdc_pntr.wr_pntr_cdc_dc_inst/dest_graysync_ff_reg[0][5]} \
          {inst_mipi_csi2_tx/inst_mipi_csi2_tx/inst_mipi_csi2_tx_subsyst/inst/mipi_csi2_tx_ctrl_0/inst/clock_cross_fifo/gnuram_async_fifo.xpm_fifo_base_inst/gen_cdc_pntr.wr_pntr_cdc_dc_inst/dest_graysync_ff_reg[0][6]} \
          {inst_mipi_csi2_tx/inst_mipi_csi2_tx/inst_mipi_csi2_tx_subsyst/inst/mipi_csi2_tx_ctrl_0/inst/clock_cross_fifo/gnuram_async_fifo.xpm_fifo_base_inst/gen_cdc_pntr.wr_pntr_cdc_dc_inst/dest_graysync_ff_reg[0][7]} \
          {inst_mipi_csi2_tx/inst_mipi_csi2_tx/inst_mipi_csi2_tx_subsyst/inst/mipi_csi2_tx_ctrl_0/inst/clock_cross_fifo/gnuram_async_fifo.xpm_fifo_base_inst/gen_cdc_pntr.wr_pntr_cdc_dc_inst/dest_graysync_ff_reg[0][8]} \
          {inst_mipi_csi2_tx/inst_mipi_csi2_tx/inst_mipi_csi2_tx_subsyst/inst/mipi_csi2_tx_ctrl_0/inst/clock_cross_fifo/gnuram_async_fifo.xpm_fifo_base_inst/gen_cdc_pntr.wr_pntr_cdc_dc_inst/dest_graysync_ff_reg[0][9]}]]
                                                                              Slow             10.000       0.953      9.047


2. Bus Skew Report Per Constraint
---------------------------------

Id: 1
set_bus_skew -from [get_cells [list {inst_mipi_csi2_tx/inst_mipi_csi2_tx/inst_mipi_csi2_tx_subsyst/inst/mipi_csi2_tx_ctrl_0/inst/clock_cross_fifo/gnuram_async_fifo.xpm_fifo_base_inst/gen_cdc_pntr.rd_pntr_cdc_inst/src_gray_ff_reg[0]} \
          {inst_mipi_csi2_tx/inst_mipi_csi2_tx/inst_mipi_csi2_tx_subsyst/inst/mipi_csi2_tx_ctrl_0/inst/clock_cross_fifo/gnuram_async_fifo.xpm_fifo_base_inst/gen_cdc_pntr.rd_pntr_cdc_inst/src_gray_ff_reg[10]} \
          {inst_mipi_csi2_tx/inst_mipi_csi2_tx/inst_mipi_csi2_tx_subsyst/inst/mipi_csi2_tx_ctrl_0/inst/clock_cross_fifo/gnuram_async_fifo.xpm_fifo_base_inst/gen_cdc_pntr.rd_pntr_cdc_inst/src_gray_ff_reg[11]} \
          {inst_mipi_csi2_tx/inst_mipi_csi2_tx/inst_mipi_csi2_tx_subsyst/inst/mipi_csi2_tx_ctrl_0/inst/clock_cross_fifo/gnuram_async_fifo.xpm_fifo_base_inst/gen_cdc_pntr.rd_pntr_cdc_inst/src_gray_ff_reg[12]} \
          {inst_mipi_csi2_tx/inst_mipi_csi2_tx/inst_mipi_csi2_tx_subsyst/inst/mipi_csi2_tx_ctrl_0/inst/clock_cross_fifo/gnuram_async_fifo.xpm_fifo_base_inst/gen_cdc_pntr.rd_pntr_cdc_inst/src_gray_ff_reg[1]} \
          {inst_mipi_csi2_tx/inst_mipi_csi2_tx/inst_mipi_csi2_tx_subsyst/inst/mipi_csi2_tx_ctrl_0/inst/clock_cross_fifo/gnuram_async_fifo.xpm_fifo_base_inst/gen_cdc_pntr.rd_pntr_cdc_inst/src_gray_ff_reg[2]} \
          {inst_mipi_csi2_tx/inst_mipi_csi2_tx/inst_mipi_csi2_tx_subsyst/inst/mipi_csi2_tx_ctrl_0/inst/clock_cross_fifo/gnuram_async_fifo.xpm_fifo_base_inst/gen_cdc_pntr.rd_pntr_cdc_inst/src_gray_ff_reg[3]} \
          {inst_mipi_csi2_tx/inst_mipi_csi2_tx/inst_mipi_csi2_tx_subsyst/inst/mipi_csi2_tx_ctrl_0/inst/clock_cross_fifo/gnuram_async_fifo.xpm_fifo_base_inst/gen_cdc_pntr.rd_pntr_cdc_inst/src_gray_ff_reg[4]} \
          {inst_mipi_csi2_tx/inst_mipi_csi2_tx/inst_mipi_csi2_tx_subsyst/inst/mipi_csi2_tx_ctrl_0/inst/clock_cross_fifo/gnuram_async_fifo.xpm_fifo_base_inst/gen_cdc_pntr.rd_pntr_cdc_inst/src_gray_ff_reg[5]} \
          {inst_mipi_csi2_tx/inst_mipi_csi2_tx/inst_mipi_csi2_tx_subsyst/inst/mipi_csi2_tx_ctrl_0/inst/clock_cross_fifo/gnuram_async_fifo.xpm_fifo_base_inst/gen_cdc_pntr.rd_pntr_cdc_inst/src_gray_ff_reg[6]} \
          {inst_mipi_csi2_tx/inst_mipi_csi2_tx/inst_mipi_csi2_tx_subsyst/inst/mipi_csi2_tx_ctrl_0/inst/clock_cross_fifo/gnuram_async_fifo.xpm_fifo_base_inst/gen_cdc_pntr.rd_pntr_cdc_inst/src_gray_ff_reg[7]} \
          {inst_mipi_csi2_tx/inst_mipi_csi2_tx/inst_mipi_csi2_tx_subsyst/inst/mipi_csi2_tx_ctrl_0/inst/clock_cross_fifo/gnuram_async_fifo.xpm_fifo_base_inst/gen_cdc_pntr.rd_pntr_cdc_inst/src_gray_ff_reg[8]} \
          {inst_mipi_csi2_tx/inst_mipi_csi2_tx/inst_mipi_csi2_tx_subsyst/inst/mipi_csi2_tx_ctrl_0/inst/clock_cross_fifo/gnuram_async_fifo.xpm_fifo_base_inst/gen_cdc_pntr.rd_pntr_cdc_inst/src_gray_ff_reg[9]}]] -to [get_cells [list {inst_mipi_csi2_tx/inst_mipi_csi2_tx/inst_mipi_csi2_tx_subsyst/inst/mipi_csi2_tx_ctrl_0/inst/clock_cross_fifo/gnuram_async_fifo.xpm_fifo_base_inst/gen_cdc_pntr.rd_pntr_cdc_inst/dest_graysync_ff_reg[0][0]} \
          {inst_mipi_csi2_tx/inst_mipi_csi2_tx/inst_mipi_csi2_tx_subsyst/inst/mipi_csi2_tx_ctrl_0/inst/clock_cross_fifo/gnuram_async_fifo.xpm_fifo_base_inst/gen_cdc_pntr.rd_pntr_cdc_inst/dest_graysync_ff_reg[0][10]} \
          {inst_mipi_csi2_tx/inst_mipi_csi2_tx/inst_mipi_csi2_tx_subsyst/inst/mipi_csi2_tx_ctrl_0/inst/clock_cross_fifo/gnuram_async_fifo.xpm_fifo_base_inst/gen_cdc_pntr.rd_pntr_cdc_inst/dest_graysync_ff_reg[0][11]} \
          {inst_mipi_csi2_tx/inst_mipi_csi2_tx/inst_mipi_csi2_tx_subsyst/inst/mipi_csi2_tx_ctrl_0/inst/clock_cross_fifo/gnuram_async_fifo.xpm_fifo_base_inst/gen_cdc_pntr.rd_pntr_cdc_inst/dest_graysync_ff_reg[0][12]} \
          {inst_mipi_csi2_tx/inst_mipi_csi2_tx/inst_mipi_csi2_tx_subsyst/inst/mipi_csi2_tx_ctrl_0/inst/clock_cross_fifo/gnuram_async_fifo.xpm_fifo_base_inst/gen_cdc_pntr.rd_pntr_cdc_inst/dest_graysync_ff_reg[0][1]} \
          {inst_mipi_csi2_tx/inst_mipi_csi2_tx/inst_mipi_csi2_tx_subsyst/inst/mipi_csi2_tx_ctrl_0/inst/clock_cross_fifo/gnuram_async_fifo.xpm_fifo_base_inst/gen_cdc_pntr.rd_pntr_cdc_inst/dest_graysync_ff_reg[0][2]} \
          {inst_mipi_csi2_tx/inst_mipi_csi2_tx/inst_mipi_csi2_tx_subsyst/inst/mipi_csi2_tx_ctrl_0/inst/clock_cross_fifo/gnuram_async_fifo.xpm_fifo_base_inst/gen_cdc_pntr.rd_pntr_cdc_inst/dest_graysync_ff_reg[0][3]} \
          {inst_mipi_csi2_tx/inst_mipi_csi2_tx/inst_mipi_csi2_tx_subsyst/inst/mipi_csi2_tx_ctrl_0/inst/clock_cross_fifo/gnuram_async_fifo.xpm_fifo_base_inst/gen_cdc_pntr.rd_pntr_cdc_inst/dest_graysync_ff_reg[0][4]} \
          {inst_mipi_csi2_tx/inst_mipi_csi2_tx/inst_mipi_csi2_tx_subsyst/inst/mipi_csi2_tx_ctrl_0/inst/clock_cross_fifo/gnuram_async_fifo.xpm_fifo_base_inst/gen_cdc_pntr.rd_pntr_cdc_inst/dest_graysync_ff_reg[0][5]} \
          {inst_mipi_csi2_tx/inst_mipi_csi2_tx/inst_mipi_csi2_tx_subsyst/inst/mipi_csi2_tx_ctrl_0/inst/clock_cross_fifo/gnuram_async_fifo.xpm_fifo_base_inst/gen_cdc_pntr.rd_pntr_cdc_inst/dest_graysync_ff_reg[0][6]} \
          {inst_mipi_csi2_tx/inst_mipi_csi2_tx/inst_mipi_csi2_tx_subsyst/inst/mipi_csi2_tx_ctrl_0/inst/clock_cross_fifo/gnuram_async_fifo.xpm_fifo_base_inst/gen_cdc_pntr.rd_pntr_cdc_inst/dest_graysync_ff_reg[0][7]} \
          {inst_mipi_csi2_tx/inst_mipi_csi2_tx/inst_mipi_csi2_tx_subsyst/inst/mipi_csi2_tx_ctrl_0/inst/clock_cross_fifo/gnuram_async_fifo.xpm_fifo_base_inst/gen_cdc_pntr.rd_pntr_cdc_inst/dest_graysync_ff_reg[0][8]} \
          {inst_mipi_csi2_tx/inst_mipi_csi2_tx/inst_mipi_csi2_tx_subsyst/inst/mipi_csi2_tx_ctrl_0/inst/clock_cross_fifo/gnuram_async_fifo.xpm_fifo_base_inst/gen_cdc_pntr.rd_pntr_cdc_inst/dest_graysync_ff_reg[0][9]}]] 10.000
Requirement: 10.000ns
Endpoints: 13

From Clock            To Clock              Endpoint Pin                    Reference Pin                   Corner  Actual(ns)  Slack(ns)
--------------------  --------------------  ------------------------------  ------------------------------  ------  ----------  ---------
div_clk_w             c0_clk_ctrl           inst_mipi_csi2_tx/inst_mipi_csi2_tx/inst_mipi_csi2_tx_subsyst/inst/mipi_csi2_tx_ctrl_0/inst/clock_cross_fifo/gnuram_async_fifo.xpm_fifo_base_inst/gen_cdc_pntr.rd_pntr_cdc_inst/dest_graysync_ff_reg[0][0]/D
                                                                            inst_mipi_csi2_tx/inst_mipi_csi2_tx/inst_mipi_csi2_tx_subsyst/inst/mipi_csi2_tx_ctrl_0/inst/clock_cross_fifo/gnuram_async_fifo.xpm_fifo_base_inst/gen_cdc_pntr.rd_pntr_cdc_inst/dest_graysync_ff_reg[0][11]/D
                                                                                                            Slow         1.115      8.885


Slack (MET) :             8.885ns  (requirement - actual skew)
  Endpoint Source:        inst_mipi_csi2_tx/inst_mipi_csi2_tx/inst_mipi_csi2_tx_subsyst/inst/mipi_csi2_tx_ctrl_0/inst/clock_cross_fifo/gnuram_async_fifo.xpm_fifo_base_inst/gen_cdc_pntr.rd_pntr_cdc_inst/src_gray_ff_reg[0]/C
                            (rising edge-triggered cell FDRE clocked by div_clk_w)
  Endpoint Destination:   inst_mipi_csi2_tx/inst_mipi_csi2_tx/inst_mipi_csi2_tx_subsyst/inst/mipi_csi2_tx_ctrl_0/inst/clock_cross_fifo/gnuram_async_fifo.xpm_fifo_base_inst/gen_cdc_pntr.rd_pntr_cdc_inst/dest_graysync_ff_reg[0][0]/D
                            (rising edge-triggered cell FDRE clocked by c0_clk_ctrl)
  Reference Source:       inst_mipi_csi2_tx/inst_mipi_csi2_tx/inst_mipi_csi2_tx_subsyst/inst/mipi_csi2_tx_ctrl_0/inst/clock_cross_fifo/gnuram_async_fifo.xpm_fifo_base_inst/gen_cdc_pntr.rd_pntr_cdc_inst/src_gray_ff_reg[11]/C
                            (rising edge-triggered cell FDRE clocked by div_clk_w)
  Reference Destination:  inst_mipi_csi2_tx/inst_mipi_csi2_tx/inst_mipi_csi2_tx_subsyst/inst/mipi_csi2_tx_ctrl_0/inst/clock_cross_fifo/gnuram_async_fifo.xpm_fifo_base_inst/gen_cdc_pntr.rd_pntr_cdc_inst/dest_graysync_ff_reg[0][11]/D
                            (rising edge-triggered cell FDRE clocked by c0_clk_ctrl)
  Path Type:              Bus Skew (Max at Slow Process Corner)
  Requirement:            10.000ns
  Endpoint Relative Delay:    1.249ns
  Reference Relative Delay:  -0.092ns
  Relative CRPR:              0.226ns
  Actual Bus Skew:            1.115ns  (Endpoint Relative Delay - Reference Relative Delay - Relative CRPR)

Endpoint path:
    Location             Delay type                Incr(ns)  Path(ns)    Netlist Resource(s)
  -------------------------------------------------------------------    -------------------
                         (clock div_clk_w rise edge)
                                                      0.000     0.000 r  
    U20                                               0.000     0.000 r  MCLK_50M_p (IN)
                         net (fo=0)                   0.000     0.000    clk_inst0/inst/clk_in1_p
    U20                  IBUFDS (Prop_ibufds_I_O)     0.967     0.967 r  clk_inst0/inst/clkin1_ibufgds/O
                         net (fo=1, routed)           1.972     2.938    clk_inst0/inst/clk_in1_clk_ctrl_buf
    BUFGCTRL_X0Y12       BUFG (Prop_bufg_I_O)         0.097     3.035 r  clk_inst0/inst/clkin1_bufg1/O
                         net (fo=1, routed)           1.575     4.611    clk_inst0/inst/clk_in1_clk_ctrl
    MMCME2_ADV_X1Y0      MMCME2_ADV (Prop_mmcme2_adv_CLKIN1_CLKOUT2)
                                                      0.088     4.699 r  clk_inst0/inst/mmcm_adv_inst/CLKOUT2
                         net (fo=1, routed)           1.661     6.360    clk_inst0/inst/dphy_clk_clk_ctrl
    BUFGCTRL_X0Y2        BUFG (Prop_bufg_I_O)         0.096     6.456 r  clk_inst0/inst/clkout3_buf/O
                         net (fo=1149, routed)        1.562     8.018    inst_mipi_csi2_tx/inst_mipi_csi2_tx/inst_mipi_csi2_tx_subsyst/inst/mipi_dphy_0/inst/inst/bd_26df_mipi_dphy_0_0_tx_support_i/master_tx.bd_26df_mipi_dphy_0_0_tx_clock_module_support_i/bd_26df_mipi_dphy_0_0_clock_module_tx_i/inst/mmcm_clk_in
    MMCME2_ADV_X0Y1      MMCME2_ADV (Prop_mmcme2_adv_CLKIN1_CLKOUT1)
                                                     -3.322     4.696 r  inst_mipi_csi2_tx/inst_mipi_csi2_tx/inst_mipi_csi2_tx_subsyst/inst/mipi_dphy_0/inst/inst/bd_26df_mipi_dphy_0_0_tx_support_i/master_tx.bd_26df_mipi_dphy_0_0_tx_clock_module_support_i/bd_26df_mipi_dphy_0_0_clock_module_tx_i/inst/mmcm_adv_inst/CLKOUT1
                         net (fo=3, routed)           1.025     5.721    inst_mipi_csi2_tx/inst_mipi_csi2_tx/inst_mipi_csi2_tx_subsyst/inst/mipi_dphy_0/inst/inst/bd_26df_mipi_dphy_0_0_tx_support_i/master_tx.bd_26df_mipi_dphy_0_0_tx_clock_module_support_i/serial_clk90
    BUFR_X0Y4            BUFR (Prop_bufr_I_O)         0.982     6.703 r  inst_mipi_csi2_tx/inst_mipi_csi2_tx/inst_mipi_csi2_tx_subsyst/inst/mipi_dphy_0/inst/inst/bd_26df_mipi_dphy_0_0_tx_support_i/master_tx.bd_26df_mipi_dphy_0_0_tx_clock_module_support_i/div_clk90_gen/O
                         net (fo=951, routed)         0.803     7.506    inst_mipi_csi2_tx/inst_mipi_csi2_tx/inst_mipi_csi2_tx_subsyst/inst/mipi_csi2_tx_ctrl_0/inst/clock_cross_fifo/gnuram_async_fifo.xpm_fifo_base_inst/gen_cdc_pntr.rd_pntr_cdc_inst/src_clk
    SLICE_X8Y53          FDRE                                         r  inst_mipi_csi2_tx/inst_mipi_csi2_tx/inst_mipi_csi2_tx_subsyst/inst/mipi_csi2_tx_ctrl_0/inst/clock_cross_fifo/gnuram_async_fifo.xpm_fifo_base_inst/gen_cdc_pntr.rd_pntr_cdc_inst/src_gray_ff_reg[0]/C
  -------------------------------------------------------------------    -------------------
    SLICE_X8Y53          FDRE (Prop_fdre_C_Q)         0.518     8.024 r  inst_mipi_csi2_tx/inst_mipi_csi2_tx/inst_mipi_csi2_tx_subsyst/inst/mipi_csi2_tx_ctrl_0/inst/clock_cross_fifo/gnuram_async_fifo.xpm_fifo_base_inst/gen_cdc_pntr.rd_pntr_cdc_inst/src_gray_ff_reg[0]/Q
                         net (fo=1, routed)           1.067     9.091    inst_mipi_csi2_tx/inst_mipi_csi2_tx/inst_mipi_csi2_tx_subsyst/inst/mipi_csi2_tx_ctrl_0/inst/clock_cross_fifo/gnuram_async_fifo.xpm_fifo_base_inst/gen_cdc_pntr.rd_pntr_cdc_inst/async_path[0]
    SLICE_X6Y47          FDRE                                         r  inst_mipi_csi2_tx/inst_mipi_csi2_tx/inst_mipi_csi2_tx_subsyst/inst/mipi_csi2_tx_ctrl_0/inst/clock_cross_fifo/gnuram_async_fifo.xpm_fifo_base_inst/gen_cdc_pntr.rd_pntr_cdc_inst/dest_graysync_ff_reg[0][0]/D
  -------------------------------------------------------------------    -------------------

                         (clock c0_clk_ctrl rise edge)
                                                      0.000     0.000 r  
    U20                                               0.000     0.000 r  MCLK_50M_p (IN)
                         net (fo=0)                   0.000     0.000    clk_inst0/inst/clk_in1_p
    U20                  IBUFDS (Prop_ibufds_I_O)     0.923     0.923 r  clk_inst0/inst/clkin1_ibufgds/O
                         net (fo=1, routed)           1.868     2.791    clk_inst0/inst/clk_in1_clk_ctrl_buf
    BUFGCTRL_X0Y12       BUFG (Prop_bufg_I_O)         0.092     2.883 r  clk_inst0/inst/clkin1_bufg1/O
                         net (fo=1, routed)           1.457     4.340    clk_inst0/inst/clk_in1_clk_ctrl
    MMCME2_ADV_X1Y0      MMCME2_ADV (Prop_mmcme2_adv_CLKIN1_CLKOUT0)
                                                      0.083     4.423 r  clk_inst0/inst/mmcm_adv_inst/CLKOUT0
                         net (fo=1, routed)           1.581     6.004    clk_inst0/inst/c0_clk_ctrl
    BUFGCTRL_X0Y1        BUFG (Prop_bufg_I_O)         0.091     6.095 r  clk_inst0/inst/clkout1_buf/O
                         net (fo=12242, routed)       1.518     7.614    inst_mipi_csi2_tx/inst_mipi_csi2_tx/inst_mipi_csi2_tx_subsyst/inst/mipi_csi2_tx_ctrl_0/inst/clock_cross_fifo/gnuram_async_fifo.xpm_fifo_base_inst/gen_cdc_pntr.rd_pntr_cdc_inst/dest_clk
    SLICE_X6Y47          FDRE                                         r  inst_mipi_csi2_tx/inst_mipi_csi2_tx/inst_mipi_csi2_tx_subsyst/inst/mipi_csi2_tx_ctrl_0/inst/clock_cross_fifo/gnuram_async_fifo.xpm_fifo_base_inst/gen_cdc_pntr.rd_pntr_cdc_inst/dest_graysync_ff_reg[0][0]/C
                         clock pessimism              0.275     7.889    
    SLICE_X6Y47          FDRE (Setup_fdre_C_D)       -0.047     7.842    inst_mipi_csi2_tx/inst_mipi_csi2_tx/inst_mipi_csi2_tx_subsyst/inst/mipi_csi2_tx_ctrl_0/inst/clock_cross_fifo/gnuram_async_fifo.xpm_fifo_base_inst/gen_cdc_pntr.rd_pntr_cdc_inst/dest_graysync_ff_reg[0][0]
  -------------------------------------------------------------------
                         data arrival                           9.091    
                         clock arrival                          7.842    
  -------------------------------------------------------------------
                         relative delay                         1.249    

Reference path:
    Location             Delay type                Incr(ns)  Path(ns)    Netlist Resource(s)
  -------------------------------------------------------------------    -------------------
                         (clock div_clk_w rise edge)
                                                      0.000     0.000 r  
    U20                                               0.000     0.000 r  MCLK_50M_p (IN)
                         net (fo=0)                   0.000     0.000    clk_inst0/inst/clk_in1_p
    U20                  IBUFDS (Prop_ibufds_I_O)     0.923     0.923 r  clk_inst0/inst/clkin1_ibufgds/O
                         net (fo=1, routed)           1.868     2.791    clk_inst0/inst/clk_in1_clk_ctrl_buf
    BUFGCTRL_X0Y12       BUFG (Prop_bufg_I_O)         0.092     2.883 r  clk_inst0/inst/clkin1_bufg1/O
                         net (fo=1, routed)           1.457     4.340    clk_inst0/inst/clk_in1_clk_ctrl
    MMCME2_ADV_X1Y0      MMCME2_ADV (Prop_mmcme2_adv_CLKIN1_CLKOUT2)
                                                      0.083     4.423 r  clk_inst0/inst/mmcm_adv_inst/CLKOUT2
                         net (fo=1, routed)           1.581     6.004    clk_inst0/inst/dphy_clk_clk_ctrl
    BUFGCTRL_X0Y2        BUFG (Prop_bufg_I_O)         0.091     6.095 r  clk_inst0/inst/clkout3_buf/O
                         net (fo=1149, routed)        1.445     7.540    inst_mipi_csi2_tx/inst_mipi_csi2_tx/inst_mipi_csi2_tx_subsyst/inst/mipi_dphy_0/inst/inst/bd_26df_mipi_dphy_0_0_tx_support_i/master_tx.bd_26df_mipi_dphy_0_0_tx_clock_module_support_i/bd_26df_mipi_dphy_0_0_clock_module_tx_i/inst/mmcm_clk_in
    MMCME2_ADV_X0Y1      MMCME2_ADV (Prop_mmcme2_adv_CLKIN1_CLKOUT1)
                                                     -3.120     4.420 r  inst_mipi_csi2_tx/inst_mipi_csi2_tx/inst_mipi_csi2_tx_subsyst/inst/mipi_dphy_0/inst/inst/bd_26df_mipi_dphy_0_0_tx_support_i/master_tx.bd_26df_mipi_dphy_0_0_tx_clock_module_support_i/bd_26df_mipi_dphy_0_0_clock_module_tx_i/inst/mmcm_adv_inst/CLKOUT1
                         net (fo=3, routed)           0.960     5.380    inst_mipi_csi2_tx/inst_mipi_csi2_tx/inst_mipi_csi2_tx_subsyst/inst/mipi_dphy_0/inst/inst/bd_26df_mipi_dphy_0_0_tx_support_i/master_tx.bd_26df_mipi_dphy_0_0_tx_clock_module_support_i/serial_clk90
    BUFR_X0Y4            BUFR (Prop_bufr_I_O)         0.918     6.298 r  inst_mipi_csi2_tx/inst_mipi_csi2_tx/inst_mipi_csi2_tx_subsyst/inst/mipi_dphy_0/inst/inst/bd_26df_mipi_dphy_0_0_tx_support_i/master_tx.bd_26df_mipi_dphy_0_0_tx_clock_module_support_i/div_clk90_gen/O
                         net (fo=951, routed)         0.712     7.010    inst_mipi_csi2_tx/inst_mipi_csi2_tx/inst_mipi_csi2_tx_subsyst/inst/mipi_csi2_tx_ctrl_0/inst/clock_cross_fifo/gnuram_async_fifo.xpm_fifo_base_inst/gen_cdc_pntr.rd_pntr_cdc_inst/src_clk
    SLICE_X5Y54          FDRE                                         r  inst_mipi_csi2_tx/inst_mipi_csi2_tx/inst_mipi_csi2_tx_subsyst/inst/mipi_csi2_tx_ctrl_0/inst/clock_cross_fifo/gnuram_async_fifo.xpm_fifo_base_inst/gen_cdc_pntr.rd_pntr_cdc_inst/src_gray_ff_reg[11]/C
  -------------------------------------------------------------------    -------------------
    SLICE_X5Y54          FDRE (Prop_fdre_C_Q)         0.337     7.347 r  inst_mipi_csi2_tx/inst_mipi_csi2_tx/inst_mipi_csi2_tx_subsyst/inst/mipi_csi2_tx_ctrl_0/inst/clock_cross_fifo/gnuram_async_fifo.xpm_fifo_base_inst/gen_cdc_pntr.rd_pntr_cdc_inst/src_gray_ff_reg[11]/Q
                         net (fo=1, routed)           0.396     7.743    inst_mipi_csi2_tx/inst_mipi_csi2_tx/inst_mipi_csi2_tx_subsyst/inst/mipi_csi2_tx_ctrl_0/inst/clock_cross_fifo/gnuram_async_fifo.xpm_fifo_base_inst/gen_cdc_pntr.rd_pntr_cdc_inst/async_path[11]
    SLICE_X1Y54          FDRE                                         r  inst_mipi_csi2_tx/inst_mipi_csi2_tx/inst_mipi_csi2_tx_subsyst/inst/mipi_csi2_tx_ctrl_0/inst/clock_cross_fifo/gnuram_async_fifo.xpm_fifo_base_inst/gen_cdc_pntr.rd_pntr_cdc_inst/dest_graysync_ff_reg[0][11]/D
  -------------------------------------------------------------------    -------------------

                         (clock c0_clk_ctrl rise edge)
                                                      0.000     0.000 r  
    U20                                               0.000     0.000 r  MCLK_50M_p (IN)
                         net (fo=0)                   0.000     0.000    clk_inst0/inst/clk_in1_p
    U20                  IBUFDS (Prop_ibufds_I_O)     0.967     0.967 r  clk_inst0/inst/clkin1_ibufgds/O
                         net (fo=1, routed)           1.972     2.938    clk_inst0/inst/clk_in1_clk_ctrl_buf
    BUFGCTRL_X0Y12       BUFG (Prop_bufg_I_O)         0.097     3.035 r  clk_inst0/inst/clkin1_bufg1/O
                         net (fo=1, routed)           1.575     4.611    clk_inst0/inst/clk_in1_clk_ctrl
    MMCME2_ADV_X1Y0      MMCME2_ADV (Prop_mmcme2_adv_CLKIN1_CLKOUT0)
                                                      0.088     4.699 r  clk_inst0/inst/mmcm_adv_inst/CLKOUT0
                         net (fo=1, routed)           1.661     6.360    clk_inst0/inst/c0_clk_ctrl
    BUFGCTRL_X0Y1        BUFG (Prop_bufg_I_O)         0.096     6.456 r  clk_inst0/inst/clkout1_buf/O
                         net (fo=12242, routed)       1.626     8.082    inst_mipi_csi2_tx/inst_mipi_csi2_tx/inst_mipi_csi2_tx_subsyst/inst/mipi_csi2_tx_ctrl_0/inst/clock_cross_fifo/gnuram_async_fifo.xpm_fifo_base_inst/gen_cdc_pntr.rd_pntr_cdc_inst/dest_clk
    SLICE_X1Y54          FDRE                                         r  inst_mipi_csi2_tx/inst_mipi_csi2_tx/inst_mipi_csi2_tx_subsyst/inst/mipi_csi2_tx_ctrl_0/inst/clock_cross_fifo/gnuram_async_fifo.xpm_fifo_base_inst/gen_cdc_pntr.rd_pntr_cdc_inst/dest_graysync_ff_reg[0][11]/C
                         clock pessimism             -0.275     7.807    
    SLICE_X1Y54          FDRE (Hold_fdre_C_D)         0.029     7.836    inst_mipi_csi2_tx/inst_mipi_csi2_tx/inst_mipi_csi2_tx_subsyst/inst/mipi_csi2_tx_ctrl_0/inst/clock_cross_fifo/gnuram_async_fifo.xpm_fifo_base_inst/gen_cdc_pntr.rd_pntr_cdc_inst/dest_graysync_ff_reg[0][11]
  -------------------------------------------------------------------
                         data arrival                           7.743    
                         clock arrival                          7.836    
  -------------------------------------------------------------------
                         relative delay                        -0.092    



Id: 2
set_bus_skew -from [get_cells [list {inst_mipi_csi2_tx/inst_mipi_csi2_tx/inst_mipi_csi2_tx_subsyst/inst/mipi_csi2_tx_ctrl_0/inst/clock_cross_fifo/gnuram_async_fifo.xpm_fifo_base_inst/gen_cdc_pntr.wr_pntr_cdc_inst/src_gray_ff_reg[0]} \
          {inst_mipi_csi2_tx/inst_mipi_csi2_tx/inst_mipi_csi2_tx_subsyst/inst/mipi_csi2_tx_ctrl_0/inst/clock_cross_fifo/gnuram_async_fifo.xpm_fifo_base_inst/gen_cdc_pntr.wr_pntr_cdc_inst/src_gray_ff_reg[10]} \
          {inst_mipi_csi2_tx/inst_mipi_csi2_tx/inst_mipi_csi2_tx_subsyst/inst/mipi_csi2_tx_ctrl_0/inst/clock_cross_fifo/gnuram_async_fifo.xpm_fifo_base_inst/gen_cdc_pntr.wr_pntr_cdc_inst/src_gray_ff_reg[11]} \
          {inst_mipi_csi2_tx/inst_mipi_csi2_tx/inst_mipi_csi2_tx_subsyst/inst/mipi_csi2_tx_ctrl_0/inst/clock_cross_fifo/gnuram_async_fifo.xpm_fifo_base_inst/gen_cdc_pntr.wr_pntr_cdc_inst/src_gray_ff_reg[12]} \
          {inst_mipi_csi2_tx/inst_mipi_csi2_tx/inst_mipi_csi2_tx_subsyst/inst/mipi_csi2_tx_ctrl_0/inst/clock_cross_fifo/gnuram_async_fifo.xpm_fifo_base_inst/gen_cdc_pntr.wr_pntr_cdc_inst/src_gray_ff_reg[1]} \
          {inst_mipi_csi2_tx/inst_mipi_csi2_tx/inst_mipi_csi2_tx_subsyst/inst/mipi_csi2_tx_ctrl_0/inst/clock_cross_fifo/gnuram_async_fifo.xpm_fifo_base_inst/gen_cdc_pntr.wr_pntr_cdc_inst/src_gray_ff_reg[2]} \
          {inst_mipi_csi2_tx/inst_mipi_csi2_tx/inst_mipi_csi2_tx_subsyst/inst/mipi_csi2_tx_ctrl_0/inst/clock_cross_fifo/gnuram_async_fifo.xpm_fifo_base_inst/gen_cdc_pntr.wr_pntr_cdc_inst/src_gray_ff_reg[3]} \
          {inst_mipi_csi2_tx/inst_mipi_csi2_tx/inst_mipi_csi2_tx_subsyst/inst/mipi_csi2_tx_ctrl_0/inst/clock_cross_fifo/gnuram_async_fifo.xpm_fifo_base_inst/gen_cdc_pntr.wr_pntr_cdc_inst/src_gray_ff_reg[4]} \
          {inst_mipi_csi2_tx/inst_mipi_csi2_tx/inst_mipi_csi2_tx_subsyst/inst/mipi_csi2_tx_ctrl_0/inst/clock_cross_fifo/gnuram_async_fifo.xpm_fifo_base_inst/gen_cdc_pntr.wr_pntr_cdc_inst/src_gray_ff_reg[5]} \
          {inst_mipi_csi2_tx/inst_mipi_csi2_tx/inst_mipi_csi2_tx_subsyst/inst/mipi_csi2_tx_ctrl_0/inst/clock_cross_fifo/gnuram_async_fifo.xpm_fifo_base_inst/gen_cdc_pntr.wr_pntr_cdc_inst/src_gray_ff_reg[6]} \
          {inst_mipi_csi2_tx/inst_mipi_csi2_tx/inst_mipi_csi2_tx_subsyst/inst/mipi_csi2_tx_ctrl_0/inst/clock_cross_fifo/gnuram_async_fifo.xpm_fifo_base_inst/gen_cdc_pntr.wr_pntr_cdc_inst/src_gray_ff_reg[7]} \
          {inst_mipi_csi2_tx/inst_mipi_csi2_tx/inst_mipi_csi2_tx_subsyst/inst/mipi_csi2_tx_ctrl_0/inst/clock_cross_fifo/gnuram_async_fifo.xpm_fifo_base_inst/gen_cdc_pntr.wr_pntr_cdc_inst/src_gray_ff_reg[8]} \
          {inst_mipi_csi2_tx/inst_mipi_csi2_tx/inst_mipi_csi2_tx_subsyst/inst/mipi_csi2_tx_ctrl_0/inst/clock_cross_fifo/gnuram_async_fifo.xpm_fifo_base_inst/gen_cdc_pntr.wr_pntr_cdc_inst/src_gray_ff_reg[9]}]] -to [get_cells [list {inst_mipi_csi2_tx/inst_mipi_csi2_tx/inst_mipi_csi2_tx_subsyst/inst/mipi_csi2_tx_ctrl_0/inst/clock_cross_fifo/gnuram_async_fifo.xpm_fifo_base_inst/gen_cdc_pntr.wr_pntr_cdc_inst/dest_graysync_ff_reg[0][0]} \
          {inst_mipi_csi2_tx/inst_mipi_csi2_tx/inst_mipi_csi2_tx_subsyst/inst/mipi_csi2_tx_ctrl_0/inst/clock_cross_fifo/gnuram_async_fifo.xpm_fifo_base_inst/gen_cdc_pntr.wr_pntr_cdc_inst/dest_graysync_ff_reg[0][10]} \
          {inst_mipi_csi2_tx/inst_mipi_csi2_tx/inst_mipi_csi2_tx_subsyst/inst/mipi_csi2_tx_ctrl_0/inst/clock_cross_fifo/gnuram_async_fifo.xpm_fifo_base_inst/gen_cdc_pntr.wr_pntr_cdc_inst/dest_graysync_ff_reg[0][11]} \
          {inst_mipi_csi2_tx/inst_mipi_csi2_tx/inst_mipi_csi2_tx_subsyst/inst/mipi_csi2_tx_ctrl_0/inst/clock_cross_fifo/gnuram_async_fifo.xpm_fifo_base_inst/gen_cdc_pntr.wr_pntr_cdc_inst/dest_graysync_ff_reg[0][12]} \
          {inst_mipi_csi2_tx/inst_mipi_csi2_tx/inst_mipi_csi2_tx_subsyst/inst/mipi_csi2_tx_ctrl_0/inst/clock_cross_fifo/gnuram_async_fifo.xpm_fifo_base_inst/gen_cdc_pntr.wr_pntr_cdc_inst/dest_graysync_ff_reg[0][1]} \
          {inst_mipi_csi2_tx/inst_mipi_csi2_tx/inst_mipi_csi2_tx_subsyst/inst/mipi_csi2_tx_ctrl_0/inst/clock_cross_fifo/gnuram_async_fifo.xpm_fifo_base_inst/gen_cdc_pntr.wr_pntr_cdc_inst/dest_graysync_ff_reg[0][2]} \
          {inst_mipi_csi2_tx/inst_mipi_csi2_tx/inst_mipi_csi2_tx_subsyst/inst/mipi_csi2_tx_ctrl_0/inst/clock_cross_fifo/gnuram_async_fifo.xpm_fifo_base_inst/gen_cdc_pntr.wr_pntr_cdc_inst/dest_graysync_ff_reg[0][3]} \
          {inst_mipi_csi2_tx/inst_mipi_csi2_tx/inst_mipi_csi2_tx_subsyst/inst/mipi_csi2_tx_ctrl_0/inst/clock_cross_fifo/gnuram_async_fifo.xpm_fifo_base_inst/gen_cdc_pntr.wr_pntr_cdc_inst/dest_graysync_ff_reg[0][4]} \
          {inst_mipi_csi2_tx/inst_mipi_csi2_tx/inst_mipi_csi2_tx_subsyst/inst/mipi_csi2_tx_ctrl_0/inst/clock_cross_fifo/gnuram_async_fifo.xpm_fifo_base_inst/gen_cdc_pntr.wr_pntr_cdc_inst/dest_graysync_ff_reg[0][5]} \
          {inst_mipi_csi2_tx/inst_mipi_csi2_tx/inst_mipi_csi2_tx_subsyst/inst/mipi_csi2_tx_ctrl_0/inst/clock_cross_fifo/gnuram_async_fifo.xpm_fifo_base_inst/gen_cdc_pntr.wr_pntr_cdc_inst/dest_graysync_ff_reg[0][6]} \
          {inst_mipi_csi2_tx/inst_mipi_csi2_tx/inst_mipi_csi2_tx_subsyst/inst/mipi_csi2_tx_ctrl_0/inst/clock_cross_fifo/gnuram_async_fifo.xpm_fifo_base_inst/gen_cdc_pntr.wr_pntr_cdc_inst/dest_graysync_ff_reg[0][7]} \
          {inst_mipi_csi2_tx/inst_mipi_csi2_tx/inst_mipi_csi2_tx_subsyst/inst/mipi_csi2_tx_ctrl_0/inst/clock_cross_fifo/gnuram_async_fifo.xpm_fifo_base_inst/gen_cdc_pntr.wr_pntr_cdc_inst/dest_graysync_ff_reg[0][8]} \
          {inst_mipi_csi2_tx/inst_mipi_csi2_tx/inst_mipi_csi2_tx_subsyst/inst/mipi_csi2_tx_ctrl_0/inst/clock_cross_fifo/gnuram_async_fifo.xpm_fifo_base_inst/gen_cdc_pntr.wr_pntr_cdc_inst/dest_graysync_ff_reg[0][9]}]] 10.000
Requirement: 10.000ns
Endpoints: 13

From Clock            To Clock              Endpoint Pin                    Reference Pin                   Corner  Actual(ns)  Slack(ns)
--------------------  --------------------  ------------------------------  ------------------------------  ------  ----------  ---------
c0_clk_ctrl           div_clk_w             inst_mipi_csi2_tx/inst_mipi_csi2_tx/inst_mipi_csi2_tx_subsyst/inst/mipi_csi2_tx_ctrl_0/inst/clock_cross_fifo/gnuram_async_fifo.xpm_fifo_base_inst/gen_cdc_pntr.wr_pntr_cdc_inst/dest_graysync_ff_reg[0][5]/D
                                                                            inst_mipi_csi2_tx/inst_mipi_csi2_tx/inst_mipi_csi2_tx_subsyst/inst/mipi_csi2_tx_ctrl_0/inst/clock_cross_fifo/gnuram_async_fifo.xpm_fifo_base_inst/gen_cdc_pntr.wr_pntr_cdc_inst/dest_graysync_ff_reg[0][10]/D
                                                                                                            Slow         1.063      8.937


Slack (MET) :             8.937ns  (requirement - actual skew)
  Endpoint Source:        inst_mipi_csi2_tx/inst_mipi_csi2_tx/inst_mipi_csi2_tx_subsyst/inst/mipi_csi2_tx_ctrl_0/inst/clock_cross_fifo/gnuram_async_fifo.xpm_fifo_base_inst/gen_cdc_pntr.wr_pntr_cdc_inst/src_gray_ff_reg[5]/C
                            (rising edge-triggered cell FDRE clocked by c0_clk_ctrl)
  Endpoint Destination:   inst_mipi_csi2_tx/inst_mipi_csi2_tx/inst_mipi_csi2_tx_subsyst/inst/mipi_csi2_tx_ctrl_0/inst/clock_cross_fifo/gnuram_async_fifo.xpm_fifo_base_inst/gen_cdc_pntr.wr_pntr_cdc_inst/dest_graysync_ff_reg[0][5]/D
                            (rising edge-triggered cell FDRE clocked by div_clk_w)
  Reference Source:       inst_mipi_csi2_tx/inst_mipi_csi2_tx/inst_mipi_csi2_tx_subsyst/inst/mipi_csi2_tx_ctrl_0/inst/clock_cross_fifo/gnuram_async_fifo.xpm_fifo_base_inst/gen_cdc_pntr.wr_pntr_cdc_inst/src_gray_ff_reg[10]/C
                            (rising edge-triggered cell FDRE clocked by c0_clk_ctrl)
  Reference Destination:  inst_mipi_csi2_tx/inst_mipi_csi2_tx/inst_mipi_csi2_tx_subsyst/inst/mipi_csi2_tx_ctrl_0/inst/clock_cross_fifo/gnuram_async_fifo.xpm_fifo_base_inst/gen_cdc_pntr.wr_pntr_cdc_inst/dest_graysync_ff_reg[0][10]/D
                            (rising edge-triggered cell FDRE clocked by div_clk_w)
  Path Type:              Bus Skew (Max at Slow Process Corner)
  Requirement:            10.000ns
  Endpoint Relative Delay:    2.238ns
  Reference Relative Delay:   0.856ns
  Relative CRPR:              0.319ns
  Actual Bus Skew:            1.063ns  (Endpoint Relative Delay - Reference Relative Delay - Relative CRPR)

Endpoint path:
    Location             Delay type                Incr(ns)  Path(ns)    Netlist Resource(s)
  -------------------------------------------------------------------    -------------------
                         (clock c0_clk_ctrl rise edge)
                                                      0.000     0.000 r  
    U20                                               0.000     0.000 r  MCLK_50M_p (IN)
                         net (fo=0)                   0.000     0.000    clk_inst0/inst/clk_in1_p
    U20                  IBUFDS (Prop_ibufds_I_O)     0.967     0.967 r  clk_inst0/inst/clkin1_ibufgds/O
                         net (fo=1, routed)           1.972     2.938    clk_inst0/inst/clk_in1_clk_ctrl_buf
    BUFGCTRL_X0Y12       BUFG (Prop_bufg_I_O)         0.097     3.035 r  clk_inst0/inst/clkin1_bufg1/O
                         net (fo=1, routed)           1.575     4.611    clk_inst0/inst/clk_in1_clk_ctrl
    MMCME2_ADV_X1Y0      MMCME2_ADV (Prop_mmcme2_adv_CLKIN1_CLKOUT0)
                                                      0.088     4.699 r  clk_inst0/inst/mmcm_adv_inst/CLKOUT0
                         net (fo=1, routed)           1.661     6.360    clk_inst0/inst/c0_clk_ctrl
    BUFGCTRL_X0Y1        BUFG (Prop_bufg_I_O)         0.096     6.456 r  clk_inst0/inst/clkout1_buf/O
                         net (fo=12242, routed)       1.549     8.005    inst_mipi_csi2_tx/inst_mipi_csi2_tx/inst_mipi_csi2_tx_subsyst/inst/mipi_csi2_tx_ctrl_0/inst/clock_cross_fifo/gnuram_async_fifo.xpm_fifo_base_inst/gen_cdc_pntr.wr_pntr_cdc_inst/src_clk
    SLICE_X14Y66         FDRE                                         r  inst_mipi_csi2_tx/inst_mipi_csi2_tx/inst_mipi_csi2_tx_subsyst/inst/mipi_csi2_tx_ctrl_0/inst/clock_cross_fifo/gnuram_async_fifo.xpm_fifo_base_inst/gen_cdc_pntr.wr_pntr_cdc_inst/src_gray_ff_reg[5]/C
  -------------------------------------------------------------------    -------------------
    SLICE_X14Y66         FDRE (Prop_fdre_C_Q)         0.478     8.483 r  inst_mipi_csi2_tx/inst_mipi_csi2_tx/inst_mipi_csi2_tx_subsyst/inst/mipi_csi2_tx_ctrl_0/inst/clock_cross_fifo/gnuram_async_fifo.xpm_fifo_base_inst/gen_cdc_pntr.wr_pntr_cdc_inst/src_gray_ff_reg[5]/Q
                         net (fo=1, routed)           0.872     9.355    inst_mipi_csi2_tx/inst_mipi_csi2_tx/inst_mipi_csi2_tx_subsyst/inst/mipi_csi2_tx_ctrl_0/inst/clock_cross_fifo/gnuram_async_fifo.xpm_fifo_base_inst/gen_cdc_pntr.wr_pntr_cdc_inst/async_path[5]
    SLICE_X14Y67         FDRE                                         r  inst_mipi_csi2_tx/inst_mipi_csi2_tx/inst_mipi_csi2_tx_subsyst/inst/mipi_csi2_tx_ctrl_0/inst/clock_cross_fifo/gnuram_async_fifo.xpm_fifo_base_inst/gen_cdc_pntr.wr_pntr_cdc_inst/dest_graysync_ff_reg[0][5]/D
  -------------------------------------------------------------------    -------------------

                         (clock div_clk_w rise edge)
                                                      0.000     0.000 r  
    U20                                               0.000     0.000 r  MCLK_50M_p (IN)
                         net (fo=0)                   0.000     0.000    clk_inst0/inst/clk_in1_p
    U20                  IBUFDS (Prop_ibufds_I_O)     0.923     0.923 r  clk_inst0/inst/clkin1_ibufgds/O
                         net (fo=1, routed)           1.868     2.791    clk_inst0/inst/clk_in1_clk_ctrl_buf
    BUFGCTRL_X0Y12       BUFG (Prop_bufg_I_O)         0.092     2.883 r  clk_inst0/inst/clkin1_bufg1/O
                         net (fo=1, routed)           1.457     4.340    clk_inst0/inst/clk_in1_clk_ctrl
    MMCME2_ADV_X1Y0      MMCME2_ADV (Prop_mmcme2_adv_CLKIN1_CLKOUT2)
                                                      0.083     4.423 r  clk_inst0/inst/mmcm_adv_inst/CLKOUT2
                         net (fo=1, routed)           1.581     6.004    clk_inst0/inst/dphy_clk_clk_ctrl
    BUFGCTRL_X0Y2        BUFG (Prop_bufg_I_O)         0.091     6.095 r  clk_inst0/inst/clkout3_buf/O
                         net (fo=1149, routed)        1.445     7.540    inst_mipi_csi2_tx/inst_mipi_csi2_tx/inst_mipi_csi2_tx_subsyst/inst/mipi_dphy_0/inst/inst/bd_26df_mipi_dphy_0_0_tx_support_i/master_tx.bd_26df_mipi_dphy_0_0_tx_clock_module_support_i/bd_26df_mipi_dphy_0_0_clock_module_tx_i/inst/mmcm_clk_in
    MMCME2_ADV_X0Y1      MMCME2_ADV (Prop_mmcme2_adv_CLKIN1_CLKOUT1)
                                                     -3.120     4.420 r  inst_mipi_csi2_tx/inst_mipi_csi2_tx/inst_mipi_csi2_tx_subsyst/inst/mipi_dphy_0/inst/inst/bd_26df_mipi_dphy_0_0_tx_support_i/master_tx.bd_26df_mipi_dphy_0_0_tx_clock_module_support_i/bd_26df_mipi_dphy_0_0_clock_module_tx_i/inst/mmcm_adv_inst/CLKOUT1
                         net (fo=3, routed)           0.960     5.380    inst_mipi_csi2_tx/inst_mipi_csi2_tx/inst_mipi_csi2_tx_subsyst/inst/mipi_dphy_0/inst/inst/bd_26df_mipi_dphy_0_0_tx_support_i/master_tx.bd_26df_mipi_dphy_0_0_tx_clock_module_support_i/serial_clk90
    BUFR_X0Y4            BUFR (Prop_bufr_I_O)         0.918     6.298 r  inst_mipi_csi2_tx/inst_mipi_csi2_tx/inst_mipi_csi2_tx_subsyst/inst/mipi_dphy_0/inst/inst/bd_26df_mipi_dphy_0_0_tx_support_i/master_tx.bd_26df_mipi_dphy_0_0_tx_clock_module_support_i/div_clk90_gen/O
                         net (fo=951, routed)         0.760     7.058    inst_mipi_csi2_tx/inst_mipi_csi2_tx/inst_mipi_csi2_tx_subsyst/inst/mipi_csi2_tx_ctrl_0/inst/clock_cross_fifo/gnuram_async_fifo.xpm_fifo_base_inst/gen_cdc_pntr.wr_pntr_cdc_inst/dest_clk
    SLICE_X14Y67         FDRE                                         r  inst_mipi_csi2_tx/inst_mipi_csi2_tx/inst_mipi_csi2_tx_subsyst/inst/mipi_csi2_tx_ctrl_0/inst/clock_cross_fifo/gnuram_async_fifo.xpm_fifo_base_inst/gen_cdc_pntr.wr_pntr_cdc_inst/dest_graysync_ff_reg[0][5]/C
                         clock pessimism              0.275     7.334    
    SLICE_X14Y67         FDRE (Setup_fdre_C_D)       -0.217     7.117    inst_mipi_csi2_tx/inst_mipi_csi2_tx/inst_mipi_csi2_tx_subsyst/inst/mipi_csi2_tx_ctrl_0/inst/clock_cross_fifo/gnuram_async_fifo.xpm_fifo_base_inst/gen_cdc_pntr.wr_pntr_cdc_inst/dest_graysync_ff_reg[0][5]
  -------------------------------------------------------------------
                         data arrival                           9.355    
                         clock arrival                          7.117    
  -------------------------------------------------------------------
                         relative delay                         2.238    

Reference path:
    Location             Delay type                Incr(ns)  Path(ns)    Netlist Resource(s)
  -------------------------------------------------------------------    -------------------
                         (clock c0_clk_ctrl rise edge)
                                                      0.000     0.000 r  
    U20                                               0.000     0.000 r  MCLK_50M_p (IN)
                         net (fo=0)                   0.000     0.000    clk_inst0/inst/clk_in1_p
    U20                  IBUFDS (Prop_ibufds_I_O)     0.923     0.923 r  clk_inst0/inst/clkin1_ibufgds/O
                         net (fo=1, routed)           1.868     2.791    clk_inst0/inst/clk_in1_clk_ctrl_buf
    BUFGCTRL_X0Y12       BUFG (Prop_bufg_I_O)         0.092     2.883 r  clk_inst0/inst/clkin1_bufg1/O
                         net (fo=1, routed)           1.457     4.340    clk_inst0/inst/clk_in1_clk_ctrl
    MMCME2_ADV_X1Y0      MMCME2_ADV (Prop_mmcme2_adv_CLKIN1_CLKOUT0)
                                                      0.083     4.423 r  clk_inst0/inst/mmcm_adv_inst/CLKOUT0
                         net (fo=1, routed)           1.581     6.004    clk_inst0/inst/c0_clk_ctrl
    BUFGCTRL_X0Y1        BUFG (Prop_bufg_I_O)         0.091     6.095 r  clk_inst0/inst/clkout1_buf/O
                         net (fo=12242, routed)       1.429     7.524    inst_mipi_csi2_tx/inst_mipi_csi2_tx/inst_mipi_csi2_tx_subsyst/inst/mipi_csi2_tx_ctrl_0/inst/clock_cross_fifo/gnuram_async_fifo.xpm_fifo_base_inst/gen_cdc_pntr.wr_pntr_cdc_inst/src_clk
    SLICE_X15Y70         FDRE                                         r  inst_mipi_csi2_tx/inst_mipi_csi2_tx/inst_mipi_csi2_tx_subsyst/inst/mipi_csi2_tx_ctrl_0/inst/clock_cross_fifo/gnuram_async_fifo.xpm_fifo_base_inst/gen_cdc_pntr.wr_pntr_cdc_inst/src_gray_ff_reg[10]/C
  -------------------------------------------------------------------    -------------------
    SLICE_X15Y70         FDRE (Prop_fdre_C_Q)         0.367     7.891 r  inst_mipi_csi2_tx/inst_mipi_csi2_tx/inst_mipi_csi2_tx_subsyst/inst/mipi_csi2_tx_ctrl_0/inst/clock_cross_fifo/gnuram_async_fifo.xpm_fifo_base_inst/gen_cdc_pntr.wr_pntr_cdc_inst/src_gray_ff_reg[10]/Q
                         net (fo=1, routed)           0.414     8.306    inst_mipi_csi2_tx/inst_mipi_csi2_tx/inst_mipi_csi2_tx_subsyst/inst/mipi_csi2_tx_ctrl_0/inst/clock_cross_fifo/gnuram_async_fifo.xpm_fifo_base_inst/gen_cdc_pntr.wr_pntr_cdc_inst/async_path[10]
    SLICE_X14Y70         FDRE                                         r  inst_mipi_csi2_tx/inst_mipi_csi2_tx/inst_mipi_csi2_tx_subsyst/inst/mipi_csi2_tx_ctrl_0/inst/clock_cross_fifo/gnuram_async_fifo.xpm_fifo_base_inst/gen_cdc_pntr.wr_pntr_cdc_inst/dest_graysync_ff_reg[0][10]/D
  -------------------------------------------------------------------    -------------------

                         (clock div_clk_w rise edge)
                                                      0.000     0.000 r  
    U20                                               0.000     0.000 r  MCLK_50M_p (IN)
                         net (fo=0)                   0.000     0.000    clk_inst0/inst/clk_in1_p
    U20                  IBUFDS (Prop_ibufds_I_O)     0.967     0.967 r  clk_inst0/inst/clkin1_ibufgds/O
                         net (fo=1, routed)           1.972     2.938    clk_inst0/inst/clk_in1_clk_ctrl_buf
    BUFGCTRL_X0Y12       BUFG (Prop_bufg_I_O)         0.097     3.035 r  clk_inst0/inst/clkin1_bufg1/O
                         net (fo=1, routed)           1.575     4.611    clk_inst0/inst/clk_in1_clk_ctrl
    MMCME2_ADV_X1Y0      MMCME2_ADV (Prop_mmcme2_adv_CLKIN1_CLKOUT2)
                                                      0.088     4.699 r  clk_inst0/inst/mmcm_adv_inst/CLKOUT2
                         net (fo=1, routed)           1.661     6.360    clk_inst0/inst/dphy_clk_clk_ctrl
    BUFGCTRL_X0Y2        BUFG (Prop_bufg_I_O)         0.096     6.456 r  clk_inst0/inst/clkout3_buf/O
                         net (fo=1149, routed)        1.562     8.018    inst_mipi_csi2_tx/inst_mipi_csi2_tx/inst_mipi_csi2_tx_subsyst/inst/mipi_dphy_0/inst/inst/bd_26df_mipi_dphy_0_0_tx_support_i/master_tx.bd_26df_mipi_dphy_0_0_tx_clock_module_support_i/bd_26df_mipi_dphy_0_0_clock_module_tx_i/inst/mmcm_clk_in
    MMCME2_ADV_X0Y1      MMCME2_ADV (Prop_mmcme2_adv_CLKIN1_CLKOUT1)
                                                     -3.322     4.696 r  inst_mipi_csi2_tx/inst_mipi_csi2_tx/inst_mipi_csi2_tx_subsyst/inst/mipi_dphy_0/inst/inst/bd_26df_mipi_dphy_0_0_tx_support_i/master_tx.bd_26df_mipi_dphy_0_0_tx_clock_module_support_i/bd_26df_mipi_dphy_0_0_clock_module_tx_i/inst/mmcm_adv_inst/CLKOUT1
                         net (fo=3, routed)           1.025     5.721    inst_mipi_csi2_tx/inst_mipi_csi2_tx/inst_mipi_csi2_tx_subsyst/inst/mipi_dphy_0/inst/inst/bd_26df_mipi_dphy_0_0_tx_support_i/master_tx.bd_26df_mipi_dphy_0_0_tx_clock_module_support_i/serial_clk90
    BUFR_X0Y4            BUFR (Prop_bufr_I_O)         0.982     6.703 r  inst_mipi_csi2_tx/inst_mipi_csi2_tx/inst_mipi_csi2_tx_subsyst/inst/mipi_dphy_0/inst/inst/bd_26df_mipi_dphy_0_0_tx_support_i/master_tx.bd_26df_mipi_dphy_0_0_tx_clock_module_support_i/div_clk90_gen/O
                         net (fo=951, routed)         0.792     7.495    inst_mipi_csi2_tx/inst_mipi_csi2_tx/inst_mipi_csi2_tx_subsyst/inst/mipi_csi2_tx_ctrl_0/inst/clock_cross_fifo/gnuram_async_fifo.xpm_fifo_base_inst/gen_cdc_pntr.wr_pntr_cdc_inst/dest_clk
    SLICE_X14Y70         FDRE                                         r  inst_mipi_csi2_tx/inst_mipi_csi2_tx/inst_mipi_csi2_tx_subsyst/inst/mipi_csi2_tx_ctrl_0/inst/clock_cross_fifo/gnuram_async_fifo.xpm_fifo_base_inst/gen_cdc_pntr.wr_pntr_cdc_inst/dest_graysync_ff_reg[0][10]/C
                         clock pessimism             -0.275     7.219    
    SLICE_X14Y70         FDRE (Hold_fdre_C_D)         0.230     7.449    inst_mipi_csi2_tx/inst_mipi_csi2_tx/inst_mipi_csi2_tx_subsyst/inst/mipi_csi2_tx_ctrl_0/inst/clock_cross_fifo/gnuram_async_fifo.xpm_fifo_base_inst/gen_cdc_pntr.wr_pntr_cdc_inst/dest_graysync_ff_reg[0][10]
  -------------------------------------------------------------------
                         data arrival                           8.306    
                         clock arrival                          7.449    
  -------------------------------------------------------------------
                         relative delay                         0.856    



Id: 3
set_bus_skew -from [get_cells [list {inst_mipi_csi2_tx/inst_mipi_csi2_tx/inst_mipi_csi2_tx_subsyst/inst/mipi_csi2_tx_ctrl_0/inst/clock_cross_fifo/gnuram_async_fifo.xpm_fifo_base_inst/gen_cdc_pntr.wr_pntr_cdc_dc_inst/src_gray_ff_reg[0]} \
          {inst_mipi_csi2_tx/inst_mipi_csi2_tx/inst_mipi_csi2_tx_subsyst/inst/mipi_csi2_tx_ctrl_0/inst/clock_cross_fifo/gnuram_async_fifo.xpm_fifo_base_inst/gen_cdc_pntr.wr_pntr_cdc_dc_inst/src_gray_ff_reg[10]} \
          {inst_mipi_csi2_tx/inst_mipi_csi2_tx/inst_mipi_csi2_tx_subsyst/inst/mipi_csi2_tx_ctrl_0/inst/clock_cross_fifo/gnuram_async_fifo.xpm_fifo_base_inst/gen_cdc_pntr.wr_pntr_cdc_dc_inst/src_gray_ff_reg[11]} \
          {inst_mipi_csi2_tx/inst_mipi_csi2_tx/inst_mipi_csi2_tx_subsyst/inst/mipi_csi2_tx_ctrl_0/inst/clock_cross_fifo/gnuram_async_fifo.xpm_fifo_base_inst/gen_cdc_pntr.wr_pntr_cdc_dc_inst/src_gray_ff_reg[12]} \
          {inst_mipi_csi2_tx/inst_mipi_csi2_tx/inst_mipi_csi2_tx_subsyst/inst/mipi_csi2_tx_ctrl_0/inst/clock_cross_fifo/gnuram_async_fifo.xpm_fifo_base_inst/gen_cdc_pntr.wr_pntr_cdc_dc_inst/src_gray_ff_reg[13]} \
          {inst_mipi_csi2_tx/inst_mipi_csi2_tx/inst_mipi_csi2_tx_subsyst/inst/mipi_csi2_tx_ctrl_0/inst/clock_cross_fifo/gnuram_async_fifo.xpm_fifo_base_inst/gen_cdc_pntr.wr_pntr_cdc_dc_inst/src_gray_ff_reg[1]} \
          {inst_mipi_csi2_tx/inst_mipi_csi2_tx/inst_mipi_csi2_tx_subsyst/inst/mipi_csi2_tx_ctrl_0/inst/clock_cross_fifo/gnuram_async_fifo.xpm_fifo_base_inst/gen_cdc_pntr.wr_pntr_cdc_dc_inst/src_gray_ff_reg[2]} \
          {inst_mipi_csi2_tx/inst_mipi_csi2_tx/inst_mipi_csi2_tx_subsyst/inst/mipi_csi2_tx_ctrl_0/inst/clock_cross_fifo/gnuram_async_fifo.xpm_fifo_base_inst/gen_cdc_pntr.wr_pntr_cdc_dc_inst/src_gray_ff_reg[3]} \
          {inst_mipi_csi2_tx/inst_mipi_csi2_tx/inst_mipi_csi2_tx_subsyst/inst/mipi_csi2_tx_ctrl_0/inst/clock_cross_fifo/gnuram_async_fifo.xpm_fifo_base_inst/gen_cdc_pntr.wr_pntr_cdc_dc_inst/src_gray_ff_reg[4]} \
          {inst_mipi_csi2_tx/inst_mipi_csi2_tx/inst_mipi_csi2_tx_subsyst/inst/mipi_csi2_tx_ctrl_0/inst/clock_cross_fifo/gnuram_async_fifo.xpm_fifo_base_inst/gen_cdc_pntr.wr_pntr_cdc_dc_inst/src_gray_ff_reg[5]} \
          {inst_mipi_csi2_tx/inst_mipi_csi2_tx/inst_mipi_csi2_tx_subsyst/inst/mipi_csi2_tx_ctrl_0/inst/clock_cross_fifo/gnuram_async_fifo.xpm_fifo_base_inst/gen_cdc_pntr.wr_pntr_cdc_dc_inst/src_gray_ff_reg[6]} \
          {inst_mipi_csi2_tx/inst_mipi_csi2_tx/inst_mipi_csi2_tx_subsyst/inst/mipi_csi2_tx_ctrl_0/inst/clock_cross_fifo/gnuram_async_fifo.xpm_fifo_base_inst/gen_cdc_pntr.wr_pntr_cdc_dc_inst/src_gray_ff_reg[7]} \
          {inst_mipi_csi2_tx/inst_mipi_csi2_tx/inst_mipi_csi2_tx_subsyst/inst/mipi_csi2_tx_ctrl_0/inst/clock_cross_fifo/gnuram_async_fifo.xpm_fifo_base_inst/gen_cdc_pntr.wr_pntr_cdc_dc_inst/src_gray_ff_reg[8]} \
          {inst_mipi_csi2_tx/inst_mipi_csi2_tx/inst_mipi_csi2_tx_subsyst/inst/mipi_csi2_tx_ctrl_0/inst/clock_cross_fifo/gnuram_async_fifo.xpm_fifo_base_inst/gen_cdc_pntr.wr_pntr_cdc_dc_inst/src_gray_ff_reg[9]}]] -to [get_cells [list {inst_mipi_csi2_tx/inst_mipi_csi2_tx/inst_mipi_csi2_tx_subsyst/inst/mipi_csi2_tx_ctrl_0/inst/clock_cross_fifo/gnuram_async_fifo.xpm_fifo_base_inst/gen_cdc_pntr.wr_pntr_cdc_dc_inst/dest_graysync_ff_reg[0][0]} \
          {inst_mipi_csi2_tx/inst_mipi_csi2_tx/inst_mipi_csi2_tx_subsyst/inst/mipi_csi2_tx_ctrl_0/inst/clock_cross_fifo/gnuram_async_fifo.xpm_fifo_base_inst/gen_cdc_pntr.wr_pntr_cdc_dc_inst/dest_graysync_ff_reg[0][10]} \
          {inst_mipi_csi2_tx/inst_mipi_csi2_tx/inst_mipi_csi2_tx_subsyst/inst/mipi_csi2_tx_ctrl_0/inst/clock_cross_fifo/gnuram_async_fifo.xpm_fifo_base_inst/gen_cdc_pntr.wr_pntr_cdc_dc_inst/dest_graysync_ff_reg[0][11]} \
          {inst_mipi_csi2_tx/inst_mipi_csi2_tx/inst_mipi_csi2_tx_subsyst/inst/mipi_csi2_tx_ctrl_0/inst/clock_cross_fifo/gnuram_async_fifo.xpm_fifo_base_inst/gen_cdc_pntr.wr_pntr_cdc_dc_inst/dest_graysync_ff_reg[0][12]} \
          {inst_mipi_csi2_tx/inst_mipi_csi2_tx/inst_mipi_csi2_tx_subsyst/inst/mipi_csi2_tx_ctrl_0/inst/clock_cross_fifo/gnuram_async_fifo.xpm_fifo_base_inst/gen_cdc_pntr.wr_pntr_cdc_dc_inst/dest_graysync_ff_reg[0][13]} \
          {inst_mipi_csi2_tx/inst_mipi_csi2_tx/inst_mipi_csi2_tx_subsyst/inst/mipi_csi2_tx_ctrl_0/inst/clock_cross_fifo/gnuram_async_fifo.xpm_fifo_base_inst/gen_cdc_pntr.wr_pntr_cdc_dc_inst/dest_graysync_ff_reg[0][1]} \
          {inst_mipi_csi2_tx/inst_mipi_csi2_tx/inst_mipi_csi2_tx_subsyst/inst/mipi_csi2_tx_ctrl_0/inst/clock_cross_fifo/gnuram_async_fifo.xpm_fifo_base_inst/gen_cdc_pntr.wr_pntr_cdc_dc_inst/dest_graysync_ff_reg[0][2]} \
          {inst_mipi_csi2_tx/inst_mipi_csi2_tx/inst_mipi_csi2_tx_subsyst/inst/mipi_csi2_tx_ctrl_0/inst/clock_cross_fifo/gnuram_async_fifo.xpm_fifo_base_inst/gen_cdc_pntr.wr_pntr_cdc_dc_inst/dest_graysync_ff_reg[0][3]} \
          {inst_mipi_csi2_tx/inst_mipi_csi2_tx/inst_mipi_csi2_tx_subsyst/inst/mipi_csi2_tx_ctrl_0/inst/clock_cross_fifo/gnuram_async_fifo.xpm_fifo_base_inst/gen_cdc_pntr.wr_pntr_cdc_dc_inst/dest_graysync_ff_reg[0][4]} \
          {inst_mipi_csi2_tx/inst_mipi_csi2_tx/inst_mipi_csi2_tx_subsyst/inst/mipi_csi2_tx_ctrl_0/inst/clock_cross_fifo/gnuram_async_fifo.xpm_fifo_base_inst/gen_cdc_pntr.wr_pntr_cdc_dc_inst/dest_graysync_ff_reg[0][5]} \
          {inst_mipi_csi2_tx/inst_mipi_csi2_tx/inst_mipi_csi2_tx_subsyst/inst/mipi_csi2_tx_ctrl_0/inst/clock_cross_fifo/gnuram_async_fifo.xpm_fifo_base_inst/gen_cdc_pntr.wr_pntr_cdc_dc_inst/dest_graysync_ff_reg[0][6]} \
          {inst_mipi_csi2_tx/inst_mipi_csi2_tx/inst_mipi_csi2_tx_subsyst/inst/mipi_csi2_tx_ctrl_0/inst/clock_cross_fifo/gnuram_async_fifo.xpm_fifo_base_inst/gen_cdc_pntr.wr_pntr_cdc_dc_inst/dest_graysync_ff_reg[0][7]} \
          {inst_mipi_csi2_tx/inst_mipi_csi2_tx/inst_mipi_csi2_tx_subsyst/inst/mipi_csi2_tx_ctrl_0/inst/clock_cross_fifo/gnuram_async_fifo.xpm_fifo_base_inst/gen_cdc_pntr.wr_pntr_cdc_dc_inst/dest_graysync_ff_reg[0][8]} \
          {inst_mipi_csi2_tx/inst_mipi_csi2_tx/inst_mipi_csi2_tx_subsyst/inst/mipi_csi2_tx_ctrl_0/inst/clock_cross_fifo/gnuram_async_fifo.xpm_fifo_base_inst/gen_cdc_pntr.wr_pntr_cdc_dc_inst/dest_graysync_ff_reg[0][9]}]] 10.000
Requirement: 10.000ns
Endpoints: 14

From Clock            To Clock              Endpoint Pin                    Reference Pin                   Corner  Actual(ns)  Slack(ns)
--------------------  --------------------  ------------------------------  ------------------------------  ------  ----------  ---------
c0_clk_ctrl           div_clk_w             inst_mipi_csi2_tx/inst_mipi_csi2_tx/inst_mipi_csi2_tx_subsyst/inst/mipi_csi2_tx_ctrl_0/inst/clock_cross_fifo/gnuram_async_fifo.xpm_fifo_base_inst/gen_cdc_pntr.wr_pntr_cdc_dc_inst/dest_graysync_ff_reg[0][9]/D
                                                                            inst_mipi_csi2_tx/inst_mipi_csi2_tx/inst_mipi_csi2_tx_subsyst/inst/mipi_csi2_tx_ctrl_0/inst/clock_cross_fifo/gnuram_async_fifo.xpm_fifo_base_inst/gen_cdc_pntr.wr_pntr_cdc_dc_inst/dest_graysync_ff_reg[0][2]/D
                                                                                                            Slow         0.953      9.047


Slack (MET) :             9.047ns  (requirement - actual skew)
  Endpoint Source:        inst_mipi_csi2_tx/inst_mipi_csi2_tx/inst_mipi_csi2_tx_subsyst/inst/mipi_csi2_tx_ctrl_0/inst/clock_cross_fifo/gnuram_async_fifo.xpm_fifo_base_inst/gen_cdc_pntr.wr_pntr_cdc_dc_inst/src_gray_ff_reg[9]/C
                            (rising edge-triggered cell FDRE clocked by c0_clk_ctrl)
  Endpoint Destination:   inst_mipi_csi2_tx/inst_mipi_csi2_tx/inst_mipi_csi2_tx_subsyst/inst/mipi_csi2_tx_ctrl_0/inst/clock_cross_fifo/gnuram_async_fifo.xpm_fifo_base_inst/gen_cdc_pntr.wr_pntr_cdc_dc_inst/dest_graysync_ff_reg[0][9]/D
                            (rising edge-triggered cell FDRE clocked by div_clk_w)
  Reference Source:       inst_mipi_csi2_tx/inst_mipi_csi2_tx/inst_mipi_csi2_tx_subsyst/inst/mipi_csi2_tx_ctrl_0/inst/clock_cross_fifo/gnuram_async_fifo.xpm_fifo_base_inst/gen_cdc_pntr.wr_pntr_cdc_dc_inst/src_gray_ff_reg[2]/C
                            (rising edge-triggered cell FDRE clocked by c0_clk_ctrl)
  Reference Destination:  inst_mipi_csi2_tx/inst_mipi_csi2_tx/inst_mipi_csi2_tx_subsyst/inst/mipi_csi2_tx_ctrl_0/inst/clock_cross_fifo/gnuram_async_fifo.xpm_fifo_base_inst/gen_cdc_pntr.wr_pntr_cdc_dc_inst/dest_graysync_ff_reg[0][2]/D
                            (rising edge-triggered cell FDRE clocked by div_clk_w)
  Path Type:              Bus Skew (Max at Slow Process Corner)
  Requirement:            10.000ns
  Endpoint Relative Delay:    2.121ns
  Reference Relative Delay:   0.849ns
  Relative CRPR:              0.319ns
  Actual Bus Skew:            0.953ns  (Endpoint Relative Delay - Reference Relative Delay - Relative CRPR)

Endpoint path:
    Location             Delay type                Incr(ns)  Path(ns)    Netlist Resource(s)
  -------------------------------------------------------------------    -------------------
                         (clock c0_clk_ctrl rise edge)
                                                      0.000     0.000 r  
    U20                                               0.000     0.000 r  MCLK_50M_p (IN)
                         net (fo=0)                   0.000     0.000    clk_inst0/inst/clk_in1_p
    U20                  IBUFDS (Prop_ibufds_I_O)     0.967     0.967 r  clk_inst0/inst/clkin1_ibufgds/O
                         net (fo=1, routed)           1.972     2.938    clk_inst0/inst/clk_in1_clk_ctrl_buf
    BUFGCTRL_X0Y12       BUFG (Prop_bufg_I_O)         0.097     3.035 r  clk_inst0/inst/clkin1_bufg1/O
                         net (fo=1, routed)           1.575     4.611    clk_inst0/inst/clk_in1_clk_ctrl
    MMCME2_ADV_X1Y0      MMCME2_ADV (Prop_mmcme2_adv_CLKIN1_CLKOUT0)
                                                      0.088     4.699 r  clk_inst0/inst/mmcm_adv_inst/CLKOUT0
                         net (fo=1, routed)           1.661     6.360    clk_inst0/inst/c0_clk_ctrl
    BUFGCTRL_X0Y1        BUFG (Prop_bufg_I_O)         0.096     6.456 r  clk_inst0/inst/clkout1_buf/O
                         net (fo=12242, routed)       1.552     8.008    inst_mipi_csi2_tx/inst_mipi_csi2_tx/inst_mipi_csi2_tx_subsyst/inst/mipi_csi2_tx_ctrl_0/inst/clock_cross_fifo/gnuram_async_fifo.xpm_fifo_base_inst/gen_cdc_pntr.wr_pntr_cdc_dc_inst/src_clk
    SLICE_X15Y63         FDRE                                         r  inst_mipi_csi2_tx/inst_mipi_csi2_tx/inst_mipi_csi2_tx_subsyst/inst/mipi_csi2_tx_ctrl_0/inst/clock_cross_fifo/gnuram_async_fifo.xpm_fifo_base_inst/gen_cdc_pntr.wr_pntr_cdc_dc_inst/src_gray_ff_reg[9]/C
  -------------------------------------------------------------------    -------------------
    SLICE_X15Y63         FDRE (Prop_fdre_C_Q)         0.419     8.427 r  inst_mipi_csi2_tx/inst_mipi_csi2_tx/inst_mipi_csi2_tx_subsyst/inst/mipi_csi2_tx_ctrl_0/inst/clock_cross_fifo/gnuram_async_fifo.xpm_fifo_base_inst/gen_cdc_pntr.wr_pntr_cdc_dc_inst/src_gray_ff_reg[9]/Q
                         net (fo=1, routed)           0.766     9.193    inst_mipi_csi2_tx/inst_mipi_csi2_tx/inst_mipi_csi2_tx_subsyst/inst/mipi_csi2_tx_ctrl_0/inst/clock_cross_fifo/gnuram_async_fifo.xpm_fifo_base_inst/gen_cdc_pntr.wr_pntr_cdc_dc_inst/async_path[9]
    SLICE_X15Y62         FDRE                                         r  inst_mipi_csi2_tx/inst_mipi_csi2_tx/inst_mipi_csi2_tx_subsyst/inst/mipi_csi2_tx_ctrl_0/inst/clock_cross_fifo/gnuram_async_fifo.xpm_fifo_base_inst/gen_cdc_pntr.wr_pntr_cdc_dc_inst/dest_graysync_ff_reg[0][9]/D
  -------------------------------------------------------------------    -------------------

                         (clock div_clk_w rise edge)
                                                      0.000     0.000 r  
    U20                                               0.000     0.000 r  MCLK_50M_p (IN)
                         net (fo=0)                   0.000     0.000    clk_inst0/inst/clk_in1_p
    U20                  IBUFDS (Prop_ibufds_I_O)     0.923     0.923 r  clk_inst0/inst/clkin1_ibufgds/O
                         net (fo=1, routed)           1.868     2.791    clk_inst0/inst/clk_in1_clk_ctrl_buf
    BUFGCTRL_X0Y12       BUFG (Prop_bufg_I_O)         0.092     2.883 r  clk_inst0/inst/clkin1_bufg1/O
                         net (fo=1, routed)           1.457     4.340    clk_inst0/inst/clk_in1_clk_ctrl
    MMCME2_ADV_X1Y0      MMCME2_ADV (Prop_mmcme2_adv_CLKIN1_CLKOUT2)
                                                      0.083     4.423 r  clk_inst0/inst/mmcm_adv_inst/CLKOUT2
                         net (fo=1, routed)           1.581     6.004    clk_inst0/inst/dphy_clk_clk_ctrl
    BUFGCTRL_X0Y2        BUFG (Prop_bufg_I_O)         0.091     6.095 r  clk_inst0/inst/clkout3_buf/O
                         net (fo=1149, routed)        1.445     7.540    inst_mipi_csi2_tx/inst_mipi_csi2_tx/inst_mipi_csi2_tx_subsyst/inst/mipi_dphy_0/inst/inst/bd_26df_mipi_dphy_0_0_tx_support_i/master_tx.bd_26df_mipi_dphy_0_0_tx_clock_module_support_i/bd_26df_mipi_dphy_0_0_clock_module_tx_i/inst/mmcm_clk_in
    MMCME2_ADV_X0Y1      MMCME2_ADV (Prop_mmcme2_adv_CLKIN1_CLKOUT1)
                                                     -3.120     4.420 r  inst_mipi_csi2_tx/inst_mipi_csi2_tx/inst_mipi_csi2_tx_subsyst/inst/mipi_dphy_0/inst/inst/bd_26df_mipi_dphy_0_0_tx_support_i/master_tx.bd_26df_mipi_dphy_0_0_tx_clock_module_support_i/bd_26df_mipi_dphy_0_0_clock_module_tx_i/inst/mmcm_adv_inst/CLKOUT1
                         net (fo=3, routed)           0.960     5.380    inst_mipi_csi2_tx/inst_mipi_csi2_tx/inst_mipi_csi2_tx_subsyst/inst/mipi_dphy_0/inst/inst/bd_26df_mipi_dphy_0_0_tx_support_i/master_tx.bd_26df_mipi_dphy_0_0_tx_clock_module_support_i/serial_clk90
    BUFR_X0Y4            BUFR (Prop_bufr_I_O)         0.918     6.298 r  inst_mipi_csi2_tx/inst_mipi_csi2_tx/inst_mipi_csi2_tx_subsyst/inst/mipi_dphy_0/inst/inst/bd_26df_mipi_dphy_0_0_tx_support_i/master_tx.bd_26df_mipi_dphy_0_0_tx_clock_module_support_i/div_clk90_gen/O
                         net (fo=951, routed)         0.764     7.062    inst_mipi_csi2_tx/inst_mipi_csi2_tx/inst_mipi_csi2_tx_subsyst/inst/mipi_csi2_tx_ctrl_0/inst/clock_cross_fifo/gnuram_async_fifo.xpm_fifo_base_inst/gen_cdc_pntr.wr_pntr_cdc_dc_inst/dest_clk
    SLICE_X15Y62         FDRE                                         r  inst_mipi_csi2_tx/inst_mipi_csi2_tx/inst_mipi_csi2_tx_subsyst/inst/mipi_csi2_tx_ctrl_0/inst/clock_cross_fifo/gnuram_async_fifo.xpm_fifo_base_inst/gen_cdc_pntr.wr_pntr_cdc_dc_inst/dest_graysync_ff_reg[0][9]/C
                         clock pessimism              0.275     7.338    
    SLICE_X15Y62         FDRE (Setup_fdre_C_D)       -0.265     7.073    inst_mipi_csi2_tx/inst_mipi_csi2_tx/inst_mipi_csi2_tx_subsyst/inst/mipi_csi2_tx_ctrl_0/inst/clock_cross_fifo/gnuram_async_fifo.xpm_fifo_base_inst/gen_cdc_pntr.wr_pntr_cdc_dc_inst/dest_graysync_ff_reg[0][9]
  -------------------------------------------------------------------
                         data arrival                           9.193    
                         clock arrival                          7.073    
  -------------------------------------------------------------------
                         relative delay                         2.121    

Reference path:
    Location             Delay type                Incr(ns)  Path(ns)    Netlist Resource(s)
  -------------------------------------------------------------------    -------------------
                         (clock c0_clk_ctrl rise edge)
                                                      0.000     0.000 r  
    U20                                               0.000     0.000 r  MCLK_50M_p (IN)
                         net (fo=0)                   0.000     0.000    clk_inst0/inst/clk_in1_p
    U20                  IBUFDS (Prop_ibufds_I_O)     0.923     0.923 r  clk_inst0/inst/clkin1_ibufgds/O
                         net (fo=1, routed)           1.868     2.791    clk_inst0/inst/clk_in1_clk_ctrl_buf
    BUFGCTRL_X0Y12       BUFG (Prop_bufg_I_O)         0.092     2.883 r  clk_inst0/inst/clkin1_bufg1/O
                         net (fo=1, routed)           1.457     4.340    clk_inst0/inst/clk_in1_clk_ctrl
    MMCME2_ADV_X1Y0      MMCME2_ADV (Prop_mmcme2_adv_CLKIN1_CLKOUT0)
                                                      0.083     4.423 r  clk_inst0/inst/mmcm_adv_inst/CLKOUT0
                         net (fo=1, routed)           1.581     6.004    clk_inst0/inst/c0_clk_ctrl
    BUFGCTRL_X0Y1        BUFG (Prop_bufg_I_O)         0.091     6.095 r  clk_inst0/inst/clkout1_buf/O
                         net (fo=12242, routed)       1.438     7.533    inst_mipi_csi2_tx/inst_mipi_csi2_tx/inst_mipi_csi2_tx_subsyst/inst/mipi_csi2_tx_ctrl_0/inst/clock_cross_fifo/gnuram_async_fifo.xpm_fifo_base_inst/gen_cdc_pntr.wr_pntr_cdc_dc_inst/src_clk
    SLICE_X13Y59         FDRE                                         r  inst_mipi_csi2_tx/inst_mipi_csi2_tx/inst_mipi_csi2_tx_subsyst/inst/mipi_csi2_tx_ctrl_0/inst/clock_cross_fifo/gnuram_async_fifo.xpm_fifo_base_inst/gen_cdc_pntr.wr_pntr_cdc_dc_inst/src_gray_ff_reg[2]/C
  -------------------------------------------------------------------    -------------------
    SLICE_X13Y59         FDRE (Prop_fdre_C_Q)         0.367     7.900 r  inst_mipi_csi2_tx/inst_mipi_csi2_tx/inst_mipi_csi2_tx_subsyst/inst/mipi_csi2_tx_ctrl_0/inst/clock_cross_fifo/gnuram_async_fifo.xpm_fifo_base_inst/gen_cdc_pntr.wr_pntr_cdc_dc_inst/src_gray_ff_reg[2]/Q
                         net (fo=1, routed)           0.410     8.311    inst_mipi_csi2_tx/inst_mipi_csi2_tx/inst_mipi_csi2_tx_subsyst/inst/mipi_csi2_tx_ctrl_0/inst/clock_cross_fifo/gnuram_async_fifo.xpm_fifo_base_inst/gen_cdc_pntr.wr_pntr_cdc_dc_inst/async_path[2]
    SLICE_X12Y59         FDRE                                         r  inst_mipi_csi2_tx/inst_mipi_csi2_tx/inst_mipi_csi2_tx_subsyst/inst/mipi_csi2_tx_ctrl_0/inst/clock_cross_fifo/gnuram_async_fifo.xpm_fifo_base_inst/gen_cdc_pntr.wr_pntr_cdc_dc_inst/dest_graysync_ff_reg[0][2]/D
  -------------------------------------------------------------------    -------------------

                         (clock div_clk_w rise edge)
                                                      0.000     0.000 r  
    U20                                               0.000     0.000 r  MCLK_50M_p (IN)
                         net (fo=0)                   0.000     0.000    clk_inst0/inst/clk_in1_p
    U20                  IBUFDS (Prop_ibufds_I_O)     0.967     0.967 r  clk_inst0/inst/clkin1_ibufgds/O
                         net (fo=1, routed)           1.972     2.938    clk_inst0/inst/clk_in1_clk_ctrl_buf
    BUFGCTRL_X0Y12       BUFG (Prop_bufg_I_O)         0.097     3.035 r  clk_inst0/inst/clkin1_bufg1/O
                         net (fo=1, routed)           1.575     4.611    clk_inst0/inst/clk_in1_clk_ctrl
    MMCME2_ADV_X1Y0      MMCME2_ADV (Prop_mmcme2_adv_CLKIN1_CLKOUT2)
                                                      0.088     4.699 r  clk_inst0/inst/mmcm_adv_inst/CLKOUT2
                         net (fo=1, routed)           1.661     6.360    clk_inst0/inst/dphy_clk_clk_ctrl
    BUFGCTRL_X0Y2        BUFG (Prop_bufg_I_O)         0.096     6.456 r  clk_inst0/inst/clkout3_buf/O
                         net (fo=1149, routed)        1.562     8.018    inst_mipi_csi2_tx/inst_mipi_csi2_tx/inst_mipi_csi2_tx_subsyst/inst/mipi_dphy_0/inst/inst/bd_26df_mipi_dphy_0_0_tx_support_i/master_tx.bd_26df_mipi_dphy_0_0_tx_clock_module_support_i/bd_26df_mipi_dphy_0_0_clock_module_tx_i/inst/mmcm_clk_in
    MMCME2_ADV_X0Y1      MMCME2_ADV (Prop_mmcme2_adv_CLKIN1_CLKOUT1)
                                                     -3.322     4.696 r  inst_mipi_csi2_tx/inst_mipi_csi2_tx/inst_mipi_csi2_tx_subsyst/inst/mipi_dphy_0/inst/inst/bd_26df_mipi_dphy_0_0_tx_support_i/master_tx.bd_26df_mipi_dphy_0_0_tx_clock_module_support_i/bd_26df_mipi_dphy_0_0_clock_module_tx_i/inst/mmcm_adv_inst/CLKOUT1
                         net (fo=3, routed)           1.025     5.721    inst_mipi_csi2_tx/inst_mipi_csi2_tx/inst_mipi_csi2_tx_subsyst/inst/mipi_dphy_0/inst/inst/bd_26df_mipi_dphy_0_0_tx_support_i/master_tx.bd_26df_mipi_dphy_0_0_tx_clock_module_support_i/serial_clk90
    BUFR_X0Y4            BUFR (Prop_bufr_I_O)         0.982     6.703 r  inst_mipi_csi2_tx/inst_mipi_csi2_tx/inst_mipi_csi2_tx_subsyst/inst/mipi_dphy_0/inst/inst/bd_26df_mipi_dphy_0_0_tx_support_i/master_tx.bd_26df_mipi_dphy_0_0_tx_clock_module_support_i/div_clk90_gen/O
                         net (fo=951, routed)         0.803     7.506    inst_mipi_csi2_tx/inst_mipi_csi2_tx/inst_mipi_csi2_tx_subsyst/inst/mipi_csi2_tx_ctrl_0/inst/clock_cross_fifo/gnuram_async_fifo.xpm_fifo_base_inst/gen_cdc_pntr.wr_pntr_cdc_dc_inst/dest_clk
    SLICE_X12Y59         FDRE                                         r  inst_mipi_csi2_tx/inst_mipi_csi2_tx/inst_mipi_csi2_tx_subsyst/inst/mipi_csi2_tx_ctrl_0/inst/clock_cross_fifo/gnuram_async_fifo.xpm_fifo_base_inst/gen_cdc_pntr.wr_pntr_cdc_dc_inst/dest_graysync_ff_reg[0][2]/C
                         clock pessimism             -0.275     7.230    
    SLICE_X12Y59         FDRE (Hold_fdre_C_D)         0.231     7.461    inst_mipi_csi2_tx/inst_mipi_csi2_tx/inst_mipi_csi2_tx_subsyst/inst/mipi_csi2_tx_ctrl_0/inst/clock_cross_fifo/gnuram_async_fifo.xpm_fifo_base_inst/gen_cdc_pntr.wr_pntr_cdc_dc_inst/dest_graysync_ff_reg[0][2]
  -------------------------------------------------------------------
                         data arrival                           8.311    
                         clock arrival                          7.461    
  -------------------------------------------------------------------
                         relative delay                         0.849    



